Component: ARM Compiler 5.06 update 6 (build 750) Tool: armlink [4d35ed]

==============================================================================

Section Cross References

    startup_rvmdk.o(STACK) refers (Special) to heapauxi.o(.text) for __use_two_region_memory
    startup_rvmdk.o(HEAP) refers (Special) to heapauxi.o(.text) for __use_two_region_memory
    startup_rvmdk.o(RESET) refers (Special) to heapauxi.o(.text) for __use_two_region_memory
    startup_rvmdk.o(RESET) refers to startup_rvmdk.o(STACK) for StackMem
    startup_rvmdk.o(RESET) refers to formpal.o(i.IntGPIOb) for IntGPIOb
    startup_rvmdk.o(RESET) refers to uartstdio.o(i.UARTStdioIntHandler) for UARTStdioIntHandler
    startup_rvmdk.o(RESET) refers to formpal.o(i.MPU9150I2CIntHandler) for MPU9150I2CIntHandler
    startup_rvmdk.o(RESET) refers to rgb.o(i.RGBBlinkIntHandler) for RGBBlinkIntHandler
    startup_rvmdk.o(RESET) refers to __main.o(!!!main) for __main
    startup_rvmdk.o(.text) refers (Special) to heapauxi.o(.text) for __use_two_region_memory
    startup_rvmdk.o(.text) refers to startup_rvmdk.o(HEAP) for HeapMem
    startup_rvmdk.o(.text) refers to startup_rvmdk.o(STACK) for StackMem
    rgb.o(i.RGBBlinkIntHandler) refers to rgb.o(i.RGBEnable) for RGBEnable
    rgb.o(i.RGBBlinkIntHandler) refers to rgb.o(i.RGBDisable) for RGBDisable
    rgb.o(i.RGBBlinkIntHandler) refers to rgb.o(.data) for ulFlags
    rgb.o(i.RGBBlinkRateSet) refers to rgb.o(i.RGBEnable) for RGBEnable
    rgb.o(i.RGBBlinkRateSet) refers to sysctl.o(i.SysCtlClockGet) for SysCtlClockGet
    rgb.o(i.RGBBlinkRateSet) refers to ffixull.o(x$fpl$llufromf) for __aeabi_f2ulz
    rgb.o(i.RGBColorGet) refers to rgb.o(.bss) for g_ui32Colors
    rgb.o(i.RGBColorSet) refers to rgb.o(.bss) for g_ui32Colors
    rgb.o(i.RGBColorSet) refers to rgb.o(.data) for g_fIntensity
    rgb.o(i.RGBInit) refers to rgb.o(i.RGBEnable) for RGBEnable
    rgb.o(i.RGBIntensitySet) refers to rgb.o(i.RGBColorSet) for RGBColorSet
    rgb.o(i.RGBIntensitySet) refers to rgb.o(.data) for g_fIntensity
    rgb.o(i.RGBIntensitySet) refers to rgb.o(.bss) for g_ui32Colors
    rgb.o(i.RGBSet) refers to rgb.o(i.RGBColorSet) for RGBColorSet
    rgb.o(i.RGBSet) refers to rgb.o(i.RGBIntensitySet) for RGBIntensitySet
    uartstdio.o(i.UARTEchoSet) refers to uartstdio.o(.data) for g_bDisableEcho
    uartstdio.o(i.UARTFlushRx) refers to uartstdio.o(.data) for g_ui32UARTRxReadIndex
    uartstdio.o(i.UARTFlushTx) refers to uartstdio.o(i.IsBufferEmpty) for IsBufferEmpty
    uartstdio.o(i.UARTFlushTx) refers to uartstdio.o(.data) for g_ui32UARTTxReadIndex
    uartstdio.o(i.UARTPeek) refers to uartstdio.o(i.GetBufferCount) for GetBufferCount
    uartstdio.o(i.UARTPeek) refers to uartstdio.o(.data) for g_ui32UARTRxWriteIndex
    uartstdio.o(i.UARTPeek) refers to uartstdio.o(.bss) for g_pcUARTRxBuffer
    uartstdio.o(i.UARTPrimeTransmit) refers to uartstdio.o(i.IsBufferEmpty) for IsBufferEmpty
    uartstdio.o(i.UARTPrimeTransmit) refers to uartstdio.o(.data) for g_ui32UARTTxWriteIndex
    uartstdio.o(i.UARTPrimeTransmit) refers to uartstdio.o(.constdata) for g_ui32UARTInt
    uartstdio.o(i.UARTPrimeTransmit) refers to uartstdio.o(.bss) for g_pcUARTTxBuffer
    uartstdio.o(i.UARTRxBytesAvail) refers to uartstdio.o(i.GetBufferCount) for GetBufferCount
    uartstdio.o(i.UARTRxBytesAvail) refers to uartstdio.o(.data) for g_ui32UARTRxWriteIndex
    uartstdio.o(i.UARTStdioConfig) refers to uartstdio.o(i.UARTFlushRx) for UARTFlushRx
    uartstdio.o(i.UARTStdioConfig) refers to uartstdio.o(i.UARTFlushTx) for UARTFlushTx
    uartstdio.o(i.UARTStdioConfig) refers to uartstdio.o(.constdata) for g_ui32UARTPeriph
    uartstdio.o(i.UARTStdioConfig) refers to uartstdio.o(.data) for g_ui32Base
    uartstdio.o(i.UARTStdioIntHandler) refers to uartstdio.o(i.UARTPrimeTransmit) for UARTPrimeTransmit
    uartstdio.o(i.UARTStdioIntHandler) refers to uartstdio.o(i.IsBufferEmpty) for IsBufferEmpty
    uartstdio.o(i.UARTStdioIntHandler) refers to uartstdio.o(i.UARTwrite) for UARTwrite
    uartstdio.o(i.UARTStdioIntHandler) refers to uartstdio.o(i.IsBufferFull) for IsBufferFull
    uartstdio.o(i.UARTStdioIntHandler) refers to uartstdio.o(.data) for g_ui32Base
    uartstdio.o(i.UARTStdioIntHandler) refers to uartstdio.o(.bss) for g_pcUARTRxBuffer
    uartstdio.o(i.UARTTxBytesFree) refers to uartstdio.o(i.GetBufferCount) for GetBufferCount
    uartstdio.o(i.UARTTxBytesFree) refers to uartstdio.o(.data) for g_ui32UARTTxWriteIndex
    uartstdio.o(i.UARTgetc) refers to uartstdio.o(i.IsBufferEmpty) for IsBufferEmpty
    uartstdio.o(i.UARTgetc) refers to uartstdio.o(.data) for g_ui32UARTRxWriteIndex
    uartstdio.o(i.UARTgetc) refers to uartstdio.o(.bss) for g_pcUARTRxBuffer
    uartstdio.o(i.UARTgets) refers to uartstdio.o(i.IsBufferEmpty) for IsBufferEmpty
    uartstdio.o(i.UARTgets) refers to uartstdio.o(.data) for g_ui32UARTRxWriteIndex
    uartstdio.o(i.UARTgets) refers to uartstdio.o(.bss) for g_pcUARTRxBuffer
[...]
    Removing gpio.o(i.GPIOIntDisable), (14 bytes).
    Removing gpio.o(i.GPIOIntRegister), (26 bytes).
    Removing gpio.o(i.GPIOIntRegisterPin), (30 bytes).
    Removing gpio.o(i.GPIOIntTypeGet), (68 bytes).
    Removing gpio.o(i.GPIOIntTypeSet), (80 bytes).
    Removing gpio.o(i.GPIOIntUnregister), (22 bytes).
    Removing gpio.o(i.GPIOIntUnregisterPin), (26 bytes).
    Removing gpio.o(i.GPIOPadConfigGet), (204 bytes).
    Removing gpio.o(i.GPIOPinConfigure), (68 bytes).
    Removing gpio.o(i.GPIOPinRead), (6 bytes).
    Removing gpio.o(i.GPIOPinTypeADC), (28 bytes).
    Removing gpio.o(i.GPIOPinTypeCAN), (28 bytes).
    Removing gpio.o(i.GPIOPinTypeComparator), (28 bytes).
    Removing gpio.o(i.GPIOPinTypeComparatorOutput), (28 bytes).
    Removing gpio.o(i.GPIOPinTypeDIVSCLK), (28 bytes).
    Removing gpio.o(i.GPIOPinTypeEPI), (28 bytes).
    Removing gpio.o(i.GPIOPinTypeEthernetLED), (28 bytes).
    Removing gpio.o(i.GPIOPinTypeEthernetMII), (28 bytes).
    Removing gpio.o(i.GPIOPinTypeGPIOInput), (28 bytes).
    Removing gpio.o(i.GPIOPinTypeGPIOOutput), (28 bytes).
    Removing gpio.o(i.GPIOPinTypeGPIOOutputOD), (28 bytes).
    Removing gpio.o(i.GPIOPinTypeHibernateRTCCLK), (28 bytes).
    Removing gpio.o(i.GPIOPinTypeI2C), (28 bytes).
    Removing gpio.o(i.GPIOPinTypeLCD), (28 bytes).
    Removing gpio.o(i.GPIOPinTypeOneWire), (28 bytes).
    Removing gpio.o(i.GPIOPinTypePWM), (28 bytes).
    Removing gpio.o(i.GPIOPinTypeQEI), (28 bytes).
    Removing gpio.o(i.GPIOPinTypeSSI), (28 bytes).
    Removing gpio.o(i.GPIOPinTypeTimer), (28 bytes).
    Removing gpio.o(i.GPIOPinTypeTrace), (28 bytes).
    Removing gpio.o(i.GPIOPinTypeUART), (28 bytes).
    Removing gpio.o(i.GPIOPinTypeUSBAnalog), (28 bytes).
    Removing gpio.o(i.GPIOPinTypeUSBDigital), (28 bytes).
    Removing gpio.o(i.GPIOPinTypeWakeHigh), (30 bytes).
    Removing gpio.o(i.GPIOPinTypeWakeLow), (30 bytes).
    Removing gpio.o(i.GPIOPinWakeStatus), (6 bytes).
    Removing gpio.o(i.GPIOPinWrite), (6 bytes).
    Removing gpio.o(i._GPIOIntNumberGet), (80 bytes).
    Removing gpio.o(.constdata), (552 bytes).
    Removing sysctl.o(i.SysCtlAltClkConfig), (12 bytes).
    Removing sysctl.o(i.SysCtlClockFreqSet), (740 bytes).
    Removing sysctl.o(i.SysCtlClockOutConfig), (20 bytes).
    Removing sysctl.o(i.SysCtlClockSet), (288 bytes).
    Removing sysctl.o(i.SysCtlDeepSleep), (32 bytes).
    Removing sysctl.o(i.SysCtlDeepSleepClockConfigSet), (112 bytes).
    Removing sysctl.o(i.SysCtlDeepSleepClockSet), (12 bytes).
    Removing sysctl.o(i.SysCtlDeepSleepPowerSet), (12 bytes).
    Removing sysctl.o(i.SysCtlFlashSectorSizeGet), (56 bytes).
    Removing sysctl.o(i.SysCtlFlashSizeGet), (56 bytes).
    Removing sysctl.o(i.SysCtlGPIOAHBDisable), (28 bytes).
    Removing sysctl.o(i.SysCtlGPIOAHBEnable), (24 bytes).
    Removing sysctl.o(i.SysCtlIntClear), (12 bytes).
    Removing sysctl.o(i.SysCtlIntDisable), (16 bytes).
    Removing sysctl.o(i.SysCtlIntEnable), (16 bytes).
    Removing sysctl.o(i.SysCtlIntRegister), (20 bytes).
    Removing sysctl.o(i.SysCtlIntStatus), (16 bytes).
    Removing sysctl.o(i.SysCtlIntUnregister), (18 bytes).
    Removing sysctl.o(i.SysCtlLDODeepSleepGet), (12 bytes).
    Removing sysctl.o(i.SysCtlLDODeepSleepSet), (12 bytes).
    Removing sysctl.o(i.SysCtlLDOSleepGet), (12 bytes).
    Removing sysctl.o(i.SysCtlLDOSleepSet), (12 bytes).
    Removing sysctl.o(i.SysCtlMOSCConfigSet), (12 bytes).
    Removing sysctl.o(i.SysCtlNMIClear), (16 bytes).
    Removing sysctl.o(i.SysCtlNMIStatus), (12 bytes).
    Removing sysctl.o(i.SysCtlPIOSCCalibrate), (76 bytes).
    Removing sysctl.o(i.SysCtlPWMClockGet), (24 bytes).
    Removing sysctl.o(i.SysCtlPWMClockSet), (20 bytes).
    Removing sysctl.o(i.SysCtlPeripheralClockGating), (68 bytes).
    Removing sysctl.o(i.SysCtlPeripheralDeepSleepDisable), (40 bytes).
    Removing sysctl.o(i.SysCtlPeripheralDeepSleepEnable), (40 bytes).
    Removing sysctl.o(i.SysCtlPeripheralDisable), (40 bytes).
    Removing sysctl.o(i.SysCtlPeripheralEnable), (40 bytes).
    Removing sysctl.o(i.SysCtlPeripheralPowerOff), (40 bytes).
    Removing sysctl.o(i.SysCtlPeripheralPowerOn), (40 bytes).
    Removing sysctl.o(i.SysCtlPeripheralPresent), (44 bytes).
    Removing sysctl.o(i.SysCtlPeripheralReady), (44 bytes).
    Removing sysctl.o(i.SysCtlPeripheralReset), (60 bytes).
    Removing sysctl.o(i.SysCtlPeripheralSleepDisable), (40 bytes).
    Removing sysctl.o(i.SysCtlPeripheralSleepEnable), (40 bytes).
    Removing sysctl.o(i.SysCtlReset), (16 bytes).
    Removing sysctl.o(i.SysCtlResetBehaviorGet), (12 bytes).
    Removing sysctl.o(i.SysCtlResetBehaviorSet), (12 bytes).
    Removing sysctl.o(i.SysCtlResetCauseClear), (16 bytes).
    Removing sysctl.o(i.SysCtlResetCauseGet), (12 bytes).
    Removing sysctl.o(i.SysCtlSRAMSizeGet), (16 bytes).
    Removing sysctl.o(i.SysCtlSleep), (4 bytes).
    Removing sysctl.o(i.SysCtlSleepPowerSet), (12 bytes).
    Removing sysctl.o(i.SysCtlUSBPLLDisable), (16 bytes).
    Removing sysctl.o(i.SysCtlUSBPLLEnable), (16 bytes).
    Removing sysctl.o(i.SysCtlVCOGet), (120 bytes).
    Removing sysctl.o(i.SysCtlVoltageEventClear), (16 bytes).
    Removing sysctl.o(i.SysCtlVoltageEventConfig), (12 bytes).
    Removing sysctl.o(i.SysCtlVoltageEventStatus), (12 bytes).
    Removing uart.o(i.UART9BitAddrSend), (38 bytes).
    Removing uart.o(i.UART9BitAddrSet), (10 bytes).
    Removing uart.o(i.UART9BitDisable), (14 bytes).
    Removing uart.o(i.UART9BitEnable), (14 bytes).
    Removing uart.o(i.UARTBreakCtl), (18 bytes).
    Removing uart.o(i.UARTBusy), (8 bytes).
    Removing uart.o(i.UARTCharGet), (12 bytes).
    Removing uart.o(i.UARTCharGetNonBlocking), (16 bytes).
    Removing uart.o(i.UARTCharPut), (12 bytes).
    Removing uart.o(i.UARTCharPutNonBlocking), (16 bytes).
    Removing uart.o(i.UARTCharsAvail), (10 bytes).
    Removing uart.o(i.UARTClockSourceGet), (6 bytes).
    Removing uart.o(i.UARTConfigGetExpClk), (46 bytes).
    Removing uart.o(i.UARTConfigSetExpClk), (110 bytes).
    Removing uart.o(i.UARTDMADisable), (10 bytes).
    Removing uart.o(i.UARTDMAEnable), (8 bytes).
    Removing uart.o(i.UARTDisable), (30 bytes).
    Removing uart.o(i.UARTDisableSIR), (10 bytes).
    Removing uart.o(i.UARTEnable), (20 bytes).
    Removing uart.o(i.UARTEnableSIR), (18 bytes).
    Removing uart.o(i.UARTFIFODisable), (10 bytes).
    Removing uart.o(i.UARTFIFOEnable), (10 bytes).
    Removing uart.o(i.UARTFIFOLevelGet), (16 bytes).
    Removing uart.o(i.UARTFIFOLevelSet), (6 bytes).
    Removing uart.o(i.UARTFlowControlGet), (8 bytes).
    Removing uart.o(i.UARTFlowControlSet), (12 bytes).
    Removing uart.o(i.UARTIntClear), (4 bytes).
    Removing uart.o(i.UARTIntDisable), (10 bytes).
    Removing uart.o(i.UARTIntEnable), (8 bytes).
    Removing uart.o(i.UARTIntRegister), (88 bytes).
    Removing uart.o(i.UARTIntStatus), (10 bytes).
    Removing uart.o(i.UARTIntUnregister), (88 bytes).
    Removing uart.o(i.UARTLoopbackEnable), (10 bytes).
    Removing uart.o(i.UARTModemControlClear), (14 bytes).
    Removing uart.o(i.UARTModemControlGet), (8 bytes).
    Removing uart.o(i.UARTModemControlSet), (12 bytes).
    Removing uart.o(i.UARTModemStatusGet), (10 bytes).
    Removing uart.o(i.UARTParityModeGet), (8 bytes).
    Removing uart.o(i.UARTParityModeSet), (12 bytes).
    Removing uart.o(i.UARTRxErrorClear), (6 bytes).
    Removing uart.o(i.UARTRxErrorGet), (8 bytes).
    Removing uart.o(i.UARTSmartCardDisable), (10 bytes).
    Removing uart.o(i.UARTSmartCardEnable), (22 bytes).
    Removing uart.o(i.UARTSpaceAvail), (10 bytes).
    Removing uart.o(i.UARTTxIntModeGet), (8 bytes).
    Removing uart.o(i.UARTTxIntModeSet), (12 bytes).
    Removing uart.o(.constdata), (128 bytes).
    Removing i2cm_drv.o(i.I2CMRead16BE), (80 bytes).
    Removing i2cm_drv.o(i.I2CMRead16BECallback), (52 bytes).
    Removing i2cm_drv.o(i.I2CMReadModifyWrite16LE), (140 bytes).
    Removing i2cm_drv.o(i.I2CMReadModifyWrite16LECallback), (120 bytes).
    Removing i2cm_drv.o(i.I2CMReadModifyWrite8), (136 bytes).
    Removing i2cm_drv.o(i.I2CMReadModifyWrite8Callback), (112 bytes).
    Removing i2cm_drv.o(i.I2CMTransferResume), (52 bytes).
    Removing i2cm_drv.o(i.I2CMWrite16BE), (84 bytes).
    Removing i2cm_drv.o(i.I2CMWrite16BECallback), (94 bytes).
    Removing mpu9150.o(i.MPU9150DataAccelGetRaw), (36 bytes).
    Removing mpu9150.o(i.MPU9150DataGyroGetRaw), (40 bytes).
    Removing mpu9150.o(i.MPU9150DataMagnetoGetRaw), (36 bytes).
    Removing mpu9150.o(i.MPU9150MagnetoInstGet), (4 bytes).
    Removing mpu9150.o(i.MPU9150Read), (100 bytes).
    Removing mpu9150.o(i.MPU9150ReadModifyWrite), (88 bytes).
    Removing cpu.o(.emb_text), (38 bytes).
    Removing i2c.o(i.I2CFIFODataGet), (16 bytes).
    Removing i2c.o(i.I2CFIFODataGetNonBlocking), (24 bytes).
    Removing i2c.o(i.I2CFIFODataPut), (16 bytes).
    Removing i2c.o(i.I2CFIFODataPutNonBlocking), (20 bytes).
    Removing i2c.o(i.I2CFIFOStatus), (6 bytes).
    Removing i2c.o(i.I2CIntRegister), (96 bytes).
    Removing i2c.o(i.I2CIntUnregister), (96 bytes).
    Removing i2c.o(i.I2CLoopbackEnable), (10 bytes).
    Removing i2c.o(i.I2CMasterBurstCountGet), (4 bytes).
    Removing i2c.o(i.I2CMasterBurstLengthSet), (4 bytes).
    Removing i2c.o(i.I2CMasterBusBusy), (12 bytes).
    Removing i2c.o(i.I2CMasterBusy), (12 bytes).
    Removing i2c.o(i.I2CMasterDisable), (10 bytes).
    Removing i2c.o(i.I2CMasterEnable), (10 bytes).
    Removing i2c.o(i.I2CMasterErr), (24 bytes).
    Removing i2c.o(i.I2CMasterGlitchFilterConfigSet), (84 bytes).
    Removing i2c.o(i.I2CMasterIntClearEx), (4 bytes).
    Removing i2c.o(i.I2CMasterIntDisable), (6 bytes).
    Removing i2c.o(i.I2CMasterIntDisableEx), (10 bytes).
    Removing i2c.o(i.I2CMasterIntEnable), (6 bytes).
    Removing i2c.o(i.I2CMasterIntStatus), (24 bytes).
    Removing i2c.o(i.I2CMasterIntStatusEx), (10 bytes).
    Removing i2c.o(i.I2CMasterLineStateGet), (4 bytes).
    Removing i2c.o(i.I2CMasterTimeoutSet), (4 bytes).
    Removing i2c.o(i.I2CRxFIFOConfigSet), (22 bytes).
    Removing i2c.o(i.I2CRxFIFOFlush), (14 bytes).
    Removing i2c.o(i.I2CSlaveACKOverride), (22 bytes).
    Removing i2c.o(i.I2CSlaveACKValueSet), (22 bytes).
    Removing i2c.o(i.I2CSlaveAddressSet), (24 bytes).
    Removing i2c.o(i.I2CSlaveDataGet), (6 bytes).
    Removing i2c.o(i.I2CSlaveDataPut), (6 bytes).
    Removing i2c.o(i.I2CSlaveDisable), (16 bytes).
    Removing i2c.o(i.I2CSlaveEnable), (16 bytes).
    Removing i2c.o(i.I2CSlaveFIFODisable), (8 bytes).
    Removing i2c.o(i.I2CSlaveFIFOEnable), (10 bytes).
    Removing i2c.o(i.I2CSlaveInit), (20 bytes).
    Removing i2c.o(i.I2CSlaveIntClear), (8 bytes).
    Removing i2c.o(i.I2CSlaveIntClearEx), (6 bytes).
    Removing i2c.o(i.I2CSlaveIntDisable), (14 bytes).
    Removing i2c.o(i.I2CSlaveIntDisableEx), (14 bytes).
    Removing i2c.o(i.I2CSlaveIntEnable), (14 bytes).
    Removing i2c.o(i.I2CSlaveIntEnableEx), (12 bytes).
    Removing i2c.o(i.I2CSlaveIntStatus), (28 bytes).
    Removing i2c.o(i.I2CSlaveIntStatusEx), (14 bytes).
    Removing i2c.o(i.I2CSlaveStatus), (6 bytes).
    Removing i2c.o(i.I2CTxFIFOConfigSet), (24 bytes).
    Removing i2c.o(i.I2CTxFIFOFlush), (14 bytes).
    Removing i2c.o(.constdata), (128 bytes).
    Removing interrupt.o(i.IntMasterDisable), (14 bytes).
    Removing interrupt.o(i.IntMasterEnable), (14 bytes).
    Removing interrupt.o(i.IntPendClear), (68 bytes).
    Removing interrupt.o(i.IntPendSet), (84 bytes).
    Removing interrupt.o(i.IntPriorityGet), (28 bytes).
    Removing interrupt.o(i.IntPriorityGroupingGet), (36 bytes).
    Removing interrupt.o(i.IntPriorityGroupingSet), (28 bytes).
    Removing interrupt.o(i.IntPriorityMaskGet), (4 bytes).
    Removing interrupt.o(i.IntPriorityMaskSet), (4 bytes).
    Removing interrupt.o(i.IntPrioritySet), (40 bytes).
    Removing interrupt.o(i.IntRegister), (52 bytes).
    Removing interrupt.o(i.IntUnregister), (20 bytes).
    Removing interrupt.o(i._IntDefaultHandler), (2 bytes).
    Removing interrupt.o(vtable), (620 bytes).
    Removing i2cm_drv.o(i.I2CMRead), (32 bytes).
    Removing i2cm_drv.o(i.I2CMWriteBatched), (36 bytes).
    Removing i2cm_drv.o(i.I2CMReadBatched), (28 bytes).
    Removing i2cm_drv.o(i.I2CMReadModifyWrite16BE), (50 bytes).

238 unused section(s) (total 9216 bytes) removed from the image.

==============================================================================

Image Symbol Table

    Local Symbols

    Symbol Name                              Value     Ov Type        Size  Object(Section)

    RESET                                    0x00000000   Section      648  startup_rvmdk.o(RESET)
    ../clib/angel/boardlib.s                 0x00000000   Number         0  boardinit1.o ABSOLUTE
    ../clib/angel/boardlib.s                 0x00000000   Number         0  boardinit2.o ABSOLUTE
    ../clib/angel/boardlib.s                 0x00000000   Number         0  boardinit3.o ABSOLUTE
    ../clib/angel/boardlib.s                 0x00000000   Number         0  boardshut.o ABSOLUTE
    ../clib/angel/handlers.s                 0x00000000   Number         0  __scatter_copy.o ABSOLUTE
    ../clib/angel/handlers.s                 0x00000000   Number         0  __scatter_zi.o ABSOLUTE
    ../clib/angel/kernel.s                   0x00000000   Number         0  __rtentry.o ABSOLUTE
    ../clib/angel/kernel.s                   0x00000000   Number         0  rtexit.o ABSOLUTE
    ../clib/angel/kernel.s                   0x00000000   Number         0  __rtentry2.o ABSOLUTE
    ../clib/angel/kernel.s                   0x00000000   Number         0  __rtentry4.o ABSOLUTE
    ../clib/angel/kernel.s                   0x00000000   Number         0  rtexit2.o ABSOLUTE
    ../clib/angel/rt.s                       0x00000000   Number         0  rt_raise.o ABSOLUTE
    ../clib/angel/rt.s                       0x00000000   Number         0  rt_errno_addr_intlibspace.o ABSOLUTE
    ../clib/angel/rt.s                       0x00000000   Number         0  rt_errno_addr.o ABSOLUTE
    ../clib/angel/scatter.s                  0x00000000   Number         0  __scatter.o ABSOLUTE
    ../clib/angel/startup.s                  0x00000000   Number         0  __main.o ABSOLUTE
    ../clib/angel/sys.s                      0x00000000   Number         0  sys_stackheap_outer.o ABSOLUTE
    ../clib/angel/sys.s                      0x00000000   Number         0  libspace.o ABSOLUTE
    ../clib/angel/sys.s                      0x00000000   Number         0  indicate_semi.o ABSOLUTE
    ../clib/angel/sys.s                      0x00000000   Number         0  use_no_semi.o ABSOLUTE
    ../clib/angel/sysapp.c                   0x00000000   Number         0  sys_wrch.o ABSOLUTE
    ../clib/angel/sysapp.c                   0x00000000   Number         0  sys_command.o ABSOLUTE
    ../clib/angel/sysapp.c                   0x00000000   Number         0  sys_exit.o ABSOLUTE
    ../clib/armsys.c                         0x00000000   Number         0  argv_veneer.o ABSOLUTE
    ../clib/armsys.c                         0x00000000   Number         0  argv_veneer.o ABSOLUTE
    ../clib/armsys.c                         0x00000000   Number         0  no_argv.o ABSOLUTE
    ../clib/armsys.c                         0x00000000   Number         0  _get_argv_nomalloc.o ABSOLUTE
    ../clib/fenv.c                           0x00000000   Number         0  _rserrno.o ABSOLUTE
    ../clib/heapalloc.c                      0x00000000   Number         0  hrguard.o ABSOLUTE
    ../clib/heapaux.c                        0x00000000   Number         0  heapauxi.o ABSOLUTE
    ../clib/libinit.s                        0x00000000   Number         0  libshutdown2.o ABSOLUTE
    ../clib/libinit.s                        0x00000000   Number         0  libinit.o ABSOLUTE
    ../clib/libinit.s                        0x00000000   Number         0  libinit2.o ABSOLUTE
    ../clib/libinit.s                        0x00000000   Number         0  libshutdown.o ABSOLUTE
    ../clib/signal.c                         0x00000000   Number         0  defsig_pvfn_inner.o ABSOLUTE
    ../clib/signal.c                         0x00000000   Number         0  defsig_stak_inner.o ABSOLUTE
    ../clib/signal.c                         0x00000000   Number         0  defsig_rtred_inner.o ABSOLUTE
    ../clib/signal.c                         0x00000000   Number         0  defsig_fpe_inner.o ABSOLUTE
    ../clib/signal.c                         0x00000000   Number         0  defsig_other.o ABSOLUTE
    ../clib/signal.c                         0x00000000   Number         0  defsig_segv_inner.o ABSOLUTE
    ../clib/signal.c                         0x00000000   Number         0  defsig_rtmem_outer.o ABSOLUTE
    ../clib/signal.c                         0x00000000   Number         0  defsig_abrt_inner.o ABSOLUTE
    ../clib/signal.c                         0x00000000   Number         0  defsig_rtmem_formal.o ABSOLUTE
    ../clib/signal.c                         0x00000000   Number         0  defsig_general.o ABSOLUTE
    ../clib/signal.c                         0x00000000   Number         0  __raise.o ABSOLUTE
    ../clib/signal.c                         0x00000000   Number         0  defsig_rtmem_inner.o ABSOLUTE
    ../clib/signal.c                         0x00000000   Number         0  defsig_exit.o ABSOLUTE
    ../clib/signal.c                         0x00000000   Number         0  defsig_cppl_inner.o ABSOLUTE
    ../clib/signal.s                         0x00000000   Number         0  defsig.o ABSOLUTE
    ../clib/stdlib.c                         0x00000000   Number         0  exit.o ABSOLUTE
    ../fplib/d2f.s                           0x00000000   Number         0  d2f.o ABSOLUTE
    ../fplib/daddsub.s                       0x00000000   Number         0  daddsub_clz.o ABSOLUTE
    ../fplib/dmul.s                          0x00000000   Number         0  dmul.o ABSOLUTE
    ../fplib/dnaninf.s                       0x00000000   Number         0  dnaninf.o ABSOLUTE
    ../fplib/dretinf.s                       0x00000000   Number         0  dretinf.o ABSOLUTE
    ../fplib/f2d.s                           0x00000000   Number         0  f2d.o ABSOLUTE
    ../fplib/ffixull.s                       0x00000000   Number         0  ffixull.o ABSOLUTE
    ../fplib/fnaninf.s                       0x00000000   Number         0  fnaninf.o ABSOLUTE
    ../fplib/fpinit.s                        0x00000000   Number         0  fpinit.o ABSOLUTE
    ../fplib/fretinf.s                       0x00000000   Number         0  fretinf.o ABSOLUTE
    ../fplib/usenofp.s                       0x00000000   Number         0  usenofp.o ABSOLUTE
    ../mathlib/asinf.c                       0x00000000   Number         0  asinf.o ABSOLUTE
    ../mathlib/asinf.c                       0x00000000   Number         0  asinf_x.o ABSOLUTE
    ../mathlib/atan2f.c                      0x00000000   Number         0  atan2f_x.o ABSOLUTE
    ../mathlib/atan2f.c                      0x00000000   Number         0  atan2f.o ABSOLUTE
    ../mathlib/fabs.c                        0x00000000   Number         0  fabs.o ABSOLUTE
    ../mathlib/fpclassifyf.c                 0x00000000   Number         0  fpclassifyf.o ABSOLUTE
    ../mathlib/funder.c                      0x00000000   Number         0  funder.o ABSOLUTE
    ../mathlib/sqrtf.c                       0x00000000   Number         0  sqrtf.o ABSOLUTE
    ../mathlib/sqrtf.c                       0x00000000   Number         0  sqrtf_x.o ABSOLUTE
    ..\..\..\..\utils\uartstdio.c            0x00000000   Number         0  uartstdio.o ABSOLUTE
    ..\..\ek-tm4c123gxl-boostxl-senshub\drivers\rgb.c 0x00000000   Number         0  rgb.o ABSOLUTE
    FormPal.c                                0x00000000   Number         0  formpal.o ABSOLUTE
    FormPal.c                                0x00000000   Number         0  formpal.o ABSOLUTE
    comp_dcm.c                               0x00000000   Number         0  comp_dcm.o ABSOLUTE
    cpu.c                                    0x00000000   Number         0  cpu.o ABSOLUTE
    cpu.c                                    0x00000000   Number         0  cpu.o ABSOLUTE
    dc.s                                     0x00000000   Number         0  dc.o ABSOLUTE
    gpio.c                                   0x00000000   Number         0  gpio.o ABSOLUTE
    i2c.c                                    0x00000000   Number         0  i2c.o ABSOLUTE
    i2cm_drv.c                               0x00000000   Number         0  i2cm_drv.o ABSOLUTE
    interrupt.c                              0x00000000   Number         0  interrupt.o ABSOLUTE
    mpu9150.c                                0x00000000   Number         0  mpu9150.o ABSOLUTE
    startup_rvmdk.S                          0x00000000   Number         0  startup_rvmdk.o ABSOLUTE
    sysctl.c                                 0x00000000   Number         0  sysctl.o ABSOLUTE
    sysctl.c                                 0x00000000   Number         0  sysctl.o ABSOLUTE
    uart.c                                   0x00000000   Number         0  uart.o ABSOLUTE
    vector.c                                 0x00000000   Number         0  vector.o ABSOLUTE
    $v0                                      0x0000026c   Number         0  startup_rvmdk.o(RESET)
    NmiSR                                    0x00000281   Thumb Code     0  startup_rvmdk.o(RESET)
    FaultISR                                 0x00000283   Thumb Code     0  startup_rvmdk.o(RESET)
    IntDefaultHandler                        0x00000285   Thumb Code     0  startup_rvmdk.o(RESET)
    !!!main                                  0x00000288   Section        8  __main.o(!!!main)
    !!!scatter                               0x00000290   Section       52  __scatter.o(!!!scatter)
    !!handler_copy                           0x000002c4   Section       26  __scatter_copy.o(!!handler_copy)
    !!handler_zi                             0x000002e0   Section       28  __scatter_zi.o(!!handler_zi)
    .ARM.Collect$$libinit$$00000000          0x000002fc   Section        2  libinit.o(.ARM.Collect$$libinit$$00000000)
    .ARM.Collect$$libinit$$00000001          0x000002fe   Section        4  libinit2.o(.ARM.Collect$$libinit$$00000001)
    .ARM.Collect$$libinit$$00000004          0x00000302   Section        0  libinit2.o(.ARM.Collect$$libinit$$00000004)
    .ARM.Collect$$libinit$$0000000A          0x00000302   Section        0  libinit2.o(.ARM.Collect$$libinit$$0000000A)
    .ARM.Collect$$libinit$$0000000C          0x00000302   Section        0  libinit2.o(.ARM.Collect$$libinit$$0000000C)
    .ARM.Collect$$libinit$$0000000E          0x00000302   Section        0  libinit2.o(.ARM.Collect$$libinit$$0000000E)
    .ARM.Collect$$libinit$$00000011          0x00000302   Section        0  libinit2.o(.ARM.Collect$$libinit$$00000011)
    .ARM.Collect$$libinit$$00000013          0x00000302   Section        0  libinit2.o(.ARM.Collect$$libinit$$00000013)
    .ARM.Collect$$libinit$$00000015          0x00000302   Section        0  libinit2.o(.ARM.Collect$$libinit$$00000015)
    .ARM.Collect$$libinit$$00000017          0x00000302   Section        0  libinit2.o(.ARM.Collect$$libinit$$00000017)
    .ARM.Collect$$libinit$$00000019          0x00000302   Section        0  libinit2.o(.ARM.Collect$$libinit$$00000019)
    .ARM.Collect$$libinit$$0000001B          0x00000302   Section        0  libinit2.o(.ARM.Collect$$libinit$$0000001B)
    .ARM.Collect$$libinit$$0000001D          0x00000302   Section        0  libinit2.o(.ARM.Collect$$libinit$$0000001D)
    .ARM.Collect$$libinit$$0000001F          0x00000302   Section        0  libinit2.o(.ARM.Collect$$libinit$$0000001F)
    .ARM.Collect$$libinit$$00000021          0x00000302   Section        0  libinit2.o(.ARM.Collect$$libinit$$00000021)
    .ARM.Collect$$libinit$$00000023          0x00000302   Section        0  libinit2.o(.ARM.Collect$$libinit$$00000023)
    .ARM.Collect$$libinit$$00000025          0x00000302   Section        0  libinit2.o(.ARM.Collect$$libinit$$00000025)
    .ARM.Collect$$libinit$$0000002C          0x00000302   Section        0  libinit2.o(.ARM.Collect$$libinit$$0000002C)
    .ARM.Collect$$libinit$$0000002E          0x00000302   Section        0  libinit2.o(.ARM.Collect$$libinit$$0000002E)
    .ARM.Collect$$libinit$$00000030          0x00000302   Section        0  libinit2.o(.ARM.Collect$$libinit$$00000030)
    .ARM.Collect$$libinit$$00000032          0x00000302   Section        0  libinit2.o(.ARM.Collect$$libinit$$00000032)
    .ARM.Collect$$libinit$$00000033          0x00000302   Section        2  libinit2.o(.ARM.Collect$$libinit$$00000033)
    .ARM.Collect$$libshutdown$$00000000      0x00000304   Section        2  libshutdown.o(.ARM.Collect$$libshutdown$$00000000)
    .ARM.Collect$$libshutdown$$00000002      0x00000306   Section        0  libshutdown2.o(.ARM.Collect$$libshutdown$$00000002)
    .ARM.Collect$$libshutdown$$00000004      0x00000306   Section        0  libshutdown2.o(.ARM.Collect$$libshutdown$$00000004)
    .ARM.Collect$$libshutdown$$00000007      0x00000306   Section        0  libshutdown2.o(.ARM.Collect$$libshutdown$$00000007)
    .ARM.Collect$$libshutdown$$0000000A      0x00000306   Section        0  libshutdown2.o(.ARM.Collect$$libshutdown$$0000000A)
    .ARM.Collect$$libshutdown$$0000000C      0x00000306   Section        0  libshutdown2.o(.ARM.Collect$$libshutdown$$0000000C)
    .ARM.Collect$$libshutdown$$0000000F      0x00000306   Section        0  libshutdown2.o(.ARM.Collect$$libshutdown$$0000000F)
    .ARM.Collect$$libshutdown$$00000010      0x00000306   Section        2  libshutdown2.o(.ARM.Collect$$libshutdown$$00000010)
    .ARM.Collect$$rtentry$$00000000          0x00000308   Section        0  __rtentry.o(.ARM.Collect$$rtentry$$00000000)
    .ARM.Collect$$rtentry$$00000002          0x00000308   Section        0  __rtentry2.o(.ARM.Collect$$rtentry$$00000002)
    .ARM.Collect$$rtentry$$00000004          0x00000308   Section        6  __rtentry4.o(.ARM.Collect$$rtentry$$00000004)
    .ARM.Collect$$rtentry$$00000009          0x0000030e   Section        0  __rtentry2.o(.ARM.Collect$$rtentry$$00000009)
    .ARM.Collect$$rtentry$$0000000A          0x0000030e   Section        4  __rtentry2.o(.ARM.Collect$$rtentry$$0000000A)
    .ARM.Collect$$rtentry$$0000000C          0x00000312   Section        0  __rtentry2.o(.ARM.Collect$$rtentry$$0000000C)
    .ARM.Collect$$rtentry$$0000000D          0x00000312   Section        8  __rtentry2.o(.ARM.Collect$$rtentry$$0000000D)
    .ARM.Collect$$rtexit$$00000000           0x0000031a   Section        2  rtexit.o(.ARM.Collect$$rtexit$$00000000)
    .ARM.Collect$$rtexit$$00000002           0x0000031c   Section        0  rtexit2.o(.ARM.Collect$$rtexit$$00000002)
    .ARM.Collect$$rtexit$$00000003           0x0000031c   Section        4  rtexit2.o(.ARM.Collect$$rtexit$$00000003)
    .ARM.Collect$$rtexit$$00000004           0x00000320   Section        6  rtexit2.o(.ARM.Collect$$rtexit$$00000004)
    .emb_text                                0x00000328   Section        6  sysctl.o(.emb_text)
    $v0                                      0x00000328   Number         0  sysctl.o(.emb_text)
    .text                                    0x00000330   Section       24  startup_rvmdk.o(.text)
    $v0                                      0x00000330   Number         0  startup_rvmdk.o(.text)
    .text                                    0x00000348   Section        0  heapauxi.o(.text)
    .text                                    0x0000034e   Section        0  _rserrno.o(.text)
    .text                                    0x00000364   Section        8  rt_errno_addr_intlibspace.o(.text)
    .text                                    0x0000036c   Section        8  libspace.o(.text)
    .text                                    0x00000374   Section       74  sys_stackheap_outer.o(.text)
    .text                                    0x000003be   Section        0  exit.o(.text)
    .text                                    0x000003d0   Section        0  sys_exit.o(.text)
    .text                                    0x000003dc   Section        2  use_no_semi.o(.text)
    .text                                    0x000003de   Section        0  indicate_semi.o(.text)
    i.ButtonsInit                            0x000003e0   Section        0  formpal.o(i.ButtonsInit)
    i.ButtonsPoll                            0x00000450   Section        0  formpal.o(i.ButtonsPoll)
    i.CompDCMAccelUpdate                     0x000004f8   Section        0  comp_dcm.o(i.CompDCMAccelUpdate)
    i.CompDCMComputeEulers                   0x00000506   Section        0  comp_dcm.o(i.CompDCMComputeEulers)
    i.CompDCMComputeQuaternion               0x00000552   Section        0  comp_dcm.o(i.CompDCMComputeQuaternion)
    i.CompDCMGyroUpdate                      0x00000766   Section        0  comp_dcm.o(i.CompDCMGyroUpdate)
    i.CompDCMInit                            0x00000774   Section        0  comp_dcm.o(i.CompDCMInit)
    i.CompDCMMagnetoUpdate                   0x000007b0   Section        0  comp_dcm.o(i.CompDCMMagnetoUpdate)
    i.CompDCMMatrixGet                       0x000007be   Section        0  comp_dcm.o(i.CompDCMMatrixGet)
    i.CompDCMStart                           0x00000808   Section        0  comp_dcm.o(i.CompDCMStart)
    i.CompDCMUpdate                          0x00000928   Section        0  comp_dcm.o(i.CompDCMUpdate)
    i.ConfigureUART                          0x00000c0c   Section        0  formpal.o(i.ConfigureUART)
    i.GPIODirModeSet                         0x00000c78   Section        0  gpio.o(i.GPIODirModeSet)
    i.GPIOIntClear                           0x00000ca0   Section        0  gpio.o(i.GPIOIntClear)
    i.GPIOIntEnable                          0x00000ca6   Section        0  gpio.o(i.GPIOIntEnable)
    i.GPIOIntStatus                          0x00000cb2   Section        0  gpio.o(i.GPIOIntStatus)
    i.GPIOPadConfigSet                       0x00000cc0   Section        0  gpio.o(i.GPIOPadConfigSet)
    i.GPIOPinTypeI2CSCL                      0x00000df8   Section        0  gpio.o(i.GPIOPinTypeI2CSCL)
    i.I2CMCommand                            0x00000e14   Section        0  i2cm_drv.o(i.I2CMCommand)
    i.I2CMInit                               0x00000ea2   Section        0  i2cm_drv.o(i.I2CMInit)
    i.I2CMIntHandler                         0x00000ed8   Section        0  i2cm_drv.o(i.I2CMIntHandler)
    i.I2CMWrite                              0x000011f2   Section        0  i2cm_drv.o(i.I2CMWrite)
    i.I2CMWrite8                             0x00001214   Section        0  i2cm_drv.o(i.I2CMWrite8)
    i.I2CMWrite8Callback                     0x00001268   Section        0  i2cm_drv.o(i.I2CMWrite8Callback)
    I2CMWrite8Callback                       0x00001269   Thumb Code    94  i2cm_drv.o(i.I2CMWrite8Callback)
    i.I2CMasterControl                       0x000012c6   Section        0  i2c.o(i.I2CMasterControl)
    i.I2CMasterDataGet                       0x000012ca   Section        0  i2c.o(i.I2CMasterDataGet)
    i.I2CMasterDataPut                       0x000012ce   Section        0  i2c.o(i.I2CMasterDataPut)
    i.I2CMasterInitExpClk                    0x000012d4   Section        0  i2c.o(i.I2CMasterInitExpClk)
    i.I2CMasterIntClear                      0x00001328   Section        0  i2c.o(i.I2CMasterIntClear)
    i.I2CMasterIntEnableEx                   0x00001330   Section        0  i2c.o(i.I2CMasterIntEnableEx)
    i.I2CMasterSlaveAddrSet                  0x00001338   Section        0  i2c.o(i.I2CMasterSlaveAddrSet)
    i.IntDisable                             0x00001340   Section        0  interrupt.o(i.IntDisable)
    i.IntEnable                              0x000013a4   Section        0  interrupt.o(i.IntEnable)
    i.IntGPIOb                               0x00001408   Section        0  formpal.o(i.IntGPIOb)
    i.IntIsEnabled                           0x0000143c   Section        0  interrupt.o(i.IntIsEnabled)
    i.IntTrigger                             0x0000149c   Section        0  interrupt.o(i.IntTrigger)
    i.IsBufferEmpty                          0x000014a8   Section        0  uartstdio.o(i.IsBufferEmpty)
    IsBufferEmpty                            0x000014a9   Thumb Code    20  uartstdio.o(i.IsBufferEmpty)
    i.IsBufferFull                           0x000014bc   Section        0  uartstdio.o(i.IsBufferFull)
    IsBufferFull                             0x000014bd   Thumb Code    30  uartstdio.o(i.IsBufferFull)
    i.MPU9150AppCallback                     0x000014dc   Section        0  formpal.o(i.MPU9150AppCallback)
    i.MPU9150AppErrorHandler                 0x000014f4   Section        0  formpal.o(i.MPU9150AppErrorHandler)
    i.MPU9150AppI2CWait                      0x00001550   Section        0  formpal.o(i.MPU9150AppI2CWait)
    i.MPU9150Callback                        0x00001584   Section        0  mpu9150.o(i.MPU9150Callback)
    MPU9150Callback                          0x00001585   Thumb Code   566  mpu9150.o(i.MPU9150Callback)
    i.MPU9150DataAccelGetFloat               0x000017c0   Section        0  mpu9150.o(i.MPU9150DataAccelGetFloat)
    i.MPU9150DataGyroGetFloat                0x0000182c   Section        0  mpu9150.o(i.MPU9150DataGyroGetFloat)
    i.MPU9150DataMagnetoGetFloat             0x000018b0   Section        0  mpu9150.o(i.MPU9150DataMagnetoGetFloat)
    i.MPU9150DataRead                        0x00001950   Section        0  mpu9150.o(i.MPU9150DataRead)
    i.MPU9150I2CIntHandler                   0x000019b4   Section        0  formpal.o(i.MPU9150I2CIntHandler)
    i.MPU9150Init                            0x000019c4   Section        0  mpu9150.o(i.MPU9150Init)
    i.MPU9150Write                           0x00001a24   Section        0  mpu9150.o(i.MPU9150Write)
    i.MatrixVectorMul                        0x00001ac4   Section        0  formpal.o(i.MatrixVectorMul)
    MatrixVectorMul                          0x00001ac5   Thumb Code    84  formpal.o(i.MatrixVectorMul)
    i.RGBBlinkIntHandler                     0x00001b1c   Section        0  rgb.o(i.RGBBlinkIntHandler)
    i.RGBBlinkRateSet                        0x00001b54   Section        0  rgb.o(i.RGBBlinkRateSet)
    i.RGBColorSet                            0x00001bd0   Section        0  rgb.o(i.RGBColorSet)
    i.RGBDisable                             0x00001c68   Section        0  rgb.o(i.RGBDisable)
    i.RGBEnable                              0x00001cd4   Section        0  rgb.o(i.RGBEnable)
    i.RGBInit                                0x00001da4   Section        0  rgb.o(i.RGBInit)
    i.RGBIntensitySet                        0x00001eb0   Section        0  rgb.o(i.RGBIntensitySet)
    i.SensorUpdateMath                       0x00001ed4   Section        0  formpal.o(i.SensorUpdateMath)
    i.SysCtlClockGet                         0x000020f8   Section        0  sysctl.o(i.SysCtlClockGet)
    i.UARTClockSourceSet                     0x0000224c   Section        0  uart.o(i.UARTClockSourceSet)
    i.UARTFlushRx                            0x00002254   Section        0  uartstdio.o(i.UARTFlushRx)
    i.UARTFlushTx                            0x00002284   Section        0  uartstdio.o(i.UARTFlushTx)
    i.UARTPrimeTransmit                      0x000022c8   Section        0  uartstdio.o(i.UARTPrimeTransmit)
    UARTPrimeTransmit                        0x000022c9   Thumb Code   118  uartstdio.o(i.UARTPrimeTransmit)
    i.UARTStdioConfig                        0x00002354   Section        0  uartstdio.o(i.UARTStdioConfig)
    i.UARTStdioIntHandler                    0x0000241c   Section        0  uartstdio.o(i.UARTStdioIntHandler)
    i.UARTprintf                             0x00002590   Section        0  uartstdio.o(i.UARTprintf)
    i.UARTvprintf                            0x000025ac   Section        0  uartstdio.o(i.UARTvprintf)
    i.UARTwrite                              0x000027fc   Section        0  uartstdio.o(i.UARTwrite)
    i.VectorAdd                              0x000028a0   Section        0  vector.o(i.VectorAdd)
    i.VectorCrossProduct                     0x000028d2   Section        0  vector.o(i.VectorCrossProduct)
    i.VectorDotProduct                       0x00002928   Section        0  vector.o(i.VectorDotProduct)
    i.VectorScale                            0x0000294e   Section        0  vector.o(i.VectorScale)
    i.__ARM_fpclassifyf                      0x00002974   Section        0  fpclassifyf.o(i.__ARM_fpclassifyf)
    i.__hardfp_asinf                         0x0000299c   Section        0  asinf.o(i.__hardfp_asinf)
    i.__hardfp_atan2f                        0x00002ac8   Section        0  atan2f.o(i.__hardfp_atan2f)
    i.__hardfp_fabs                          0x00002d18   Section        0  fabs.o(i.__hardfp_fabs)
    i.__hardfp_sqrtf                         0x00002d2c   Section        0  sqrtf.o(i.__hardfp_sqrtf)
    i.__mathlib_flt_infnan                   0x00002d66   Section        0  funder.o(i.__mathlib_flt_infnan)
    i.__mathlib_flt_infnan2                  0x00002d6c   Section        0  funder.o(i.__mathlib_flt_infnan2)
    i.__mathlib_flt_invalid                  0x00002d74   Section        0  funder.o(i.__mathlib_flt_invalid)
    i.__mathlib_flt_underflow                0x00002d84   Section        0  funder.o(i.__mathlib_flt_underflow)
    i.main                                   0x00002d94   Section        0  formpal.o(i.main)
    i.sqrtf                                  0x000041a0   Section        0  sqrtf.o(i.sqrtf)
    x$fpl$d2f                                0x000041e0   Section       98  d2f.o(x$fpl$d2f)
    $v0                                      0x000041e0   Number         0  d2f.o(x$fpl$d2f)
    x$fpl$dadd                               0x00004244   Section      336  daddsub_clz.o(x$fpl$dadd)
    $v0                                      0x00004244   Number         0  daddsub_clz.o(x$fpl$dadd)
    _dadd1                                   0x00004255   Thumb Code     0  daddsub_clz.o(x$fpl$dadd)
    x$fpl$dmul                               0x00004394   Section      340  dmul.o(x$fpl$dmul)
    $v0                                      0x00004394   Number         0  dmul.o(x$fpl$dmul)
    x$fpl$dnaninf                            0x000044e8   Section      156  dnaninf.o(x$fpl$dnaninf)
    $v0                                      0x000044e8   Number         0  dnaninf.o(x$fpl$dnaninf)
    x$fpl$dretinf                            0x00004584   Section       12  dretinf.o(x$fpl$dretinf)
    $v0                                      0x00004584   Number         0  dretinf.o(x$fpl$dretinf)
    x$fpl$drsb                               0x00004590   Section       22  daddsub_clz.o(x$fpl$drsb)
    $v0                                      0x00004590   Number         0  daddsub_clz.o(x$fpl$drsb)
    x$fpl$dsub                               0x000045a8   Section      468  daddsub_clz.o(x$fpl$dsub)
    $v0                                      0x000045a8   Number         0  daddsub_clz.o(x$fpl$dsub)
    _dsub1                                   0x000045b9   Thumb Code     0  daddsub_clz.o(x$fpl$dsub)
    x$fpl$f2d                                0x0000477c   Section       86  f2d.o(x$fpl$f2d)
    $v0                                      0x0000477c   Number         0  f2d.o(x$fpl$f2d)
    x$fpl$fnaninf                            0x000047d2   Section      140  fnaninf.o(x$fpl$fnaninf)
    $v0                                      0x000047d2   Number         0  fnaninf.o(x$fpl$fnaninf)
    x$fpl$fpinit                             0x0000485e   Section       10  fpinit.o(x$fpl$fpinit)
    $v0                                      0x0000485e   Number         0  fpinit.o(x$fpl$fpinit)
    x$fpl$fretinf                            0x00004868   Section       10  fretinf.o(x$fpl$fretinf)
    $v0                                      0x00004868   Number         0  fretinf.o(x$fpl$fretinf)
    x$fpl$llufromf                           0x00004874   Section       92  ffixull.o(x$fpl$llufromf)
    $v0                                      0x00004874   Number         0  ffixull.o(x$fpl$llufromf)
    .constdata                               0x000048d0   Section       40  uartstdio.o(.constdata)
    x$fpl$usenofp                            0x000048d0   Section        0  usenofp.o(x$fpl$usenofp)
    g_pcHex                                  0x000048d0   Data           4  uartstdio.o(.constdata)
    g_ui32UARTBase                           0x000048d4   Data          12  uartstdio.o(.constdata)
    g_ui32UARTInt                            0x000048e0   Data          12  uartstdio.o(.constdata)
    g_ui32UARTPeriph                         0x000048ec   Data          12  uartstdio.o(.constdata)
    .constdata                               0x000048f8   Section      596  sysctl.o(.constdata)
    g_pui32VCOFrequencies                    0x000048f8   Data           8  sysctl.o(.constdata)
    g_pui32Xtals                             0x00004900   Data         108  sysctl.o(.constdata)
    g_pppui32XTALtoVCO                       0x0000496c   Data         432  sysctl.o(.constdata)
    g_sXTALtoMEMTIM                          0x00004b1c   Data          48  sysctl.o(.constdata)
    .constdata                               0x00004b4c   Section       32  mpu9150.o(.constdata)
    g_fMPU9150AccelFactors                   0x00004b4c   Data          16  mpu9150.o(.constdata)
    g_fMPU9150GyroFactors                    0x00004b5c   Data          16  mpu9150.o(.constdata)
    .constdata                               0x00004b6c   Section      268  interrupt.o(.constdata)
    g_pui32Priority                          0x00004b6c   Data          32  interrupt.o(.constdata)
    g_pui32Regs                              0x00004b8c   Data         156  interrupt.o(.constdata)
    g_pui32EnRegs                            0x00004c28   Data          20  interrupt.o(.constdata)
    g_pui32Dii16Regs                         0x00004c3c   Data          20  interrupt.o(.constdata)
    g_pui32PendRegs                          0x00004c50   Data          20  interrupt.o(.constdata)
    g_pui32UnpendRegs                        0x00004c64   Data          20  interrupt.o(.constdata)
    .conststring                             0x00004c78   Section       17  uartstdio.o(.conststring)
    .conststring                             0x00004c8c   Section       82  formpal.o(.conststring)
    .data                                    0x20000000   Section        8  rgb.o(.data)
    g_fIntensity                             0x20000000   Data           4  rgb.o(.data)
    ulFlags                                  0x20000004   Data           4  rgb.o(.data)
    .data                                    0x20000008   Section       29  uartstdio.o(.data)
    g_bDisableEcho                           0x20000008   Data           1  uartstdio.o(.data)
    g_ui32UARTTxWriteIndex                   0x2000000c   Data           4  uartstdio.o(.data)
    g_ui32UARTTxReadIndex                    0x20000010   Data           4  uartstdio.o(.data)
    g_ui32UARTRxWriteIndex                   0x20000014   Data           4  uartstdio.o(.data)
    g_ui32UARTRxReadIndex                    0x20000018   Data           4  uartstdio.o(.data)
    g_ui32Base                               0x2000001c   Data           4  uartstdio.o(.data)
    g_ui32PortNum                            0x20000020   Data           4  uartstdio.o(.data)
    bLastWasCR                               0x20000024   Data           1  uartstdio.o(.data)
    .data                                    0x20000028   Section       72  formpal.o(.data)
    g_ui8ButtonStates                        0x20000028   Data           1  formpal.o(.data)
    ui8SwitchClockA                          0x2000003c   Data           1  formpal.o(.data)
    ui8SwitchClockB                          0x2000003d   Data           1  formpal.o(.data)
    fAccelMagnitude                          0x20000040   Data           4  formpal.o(.data)
    fJerk                                    0x20000044   Data           4  formpal.o(.data)
    g_fAccelMagnitudePrevious                0x20000048   Data           4  formpal.o(.data)
    Roll                                     0x2000004c   Data           4  formpal.o(.data)
    Pitch                                    0x20000050   Data           4  formpal.o(.data)
    Yaw                                      0x20000054   Data           4  formpal.o(.data)
    PreviousRoll                             0x20000058   Data           4  formpal.o(.data)
    PreviousPitch                            0x2000005c   Data           4  formpal.o(.data)
    PreviousYaw                              0x20000060   Data           4  formpal.o(.data)
    JerkRoll                                 0x20000064   Data           4  formpal.o(.data)
    JerkPitch                                0x20000068   Data           4  formpal.o(.data)
    JerkYaw                                  0x2000006c   Data           4  formpal.o(.data)
    .bss                                     0x20000070   Section       12  rgb.o(.bss)
    g_ui32Colors                             0x20000070   Data          12  rgb.o(.bss)
    .bss                                     0x2000007c   Section     1152  uartstdio.o(.bss)
    g_pcUARTTxBuffer                         0x2000007c   Data        1024  uartstdio.o(.bss)
    g_pcUARTRxBuffer                         0x2000047c   Data         128  uartstdio.o(.bss)
    .bss                                     0x200004fc   Section      520  formpal.o(.bss)
    pfSensorCalc                             0x200006f0   Data          20  formpal.o(.bss)
    .bss                                     0x20000704   Section       96  libspace.o(.bss)
    HEAP                                     0x20000768   Section        0  startup_rvmdk.o(HEAP)
    STACK                                    0x20000768   Section     1024  startup_rvmdk.o(STACK)
    HeapMem                                  0x20000768   Data           0  startup_rvmdk.o(HEAP)
    StackMem                                 0x20000768   Data           0  startup_rvmdk.o(STACK)

    Global Symbols

    Symbol Name                              Value     Ov Type        Size  Object(Section)

    BuildAttributes$$THM_ISAv4$E$P$D$K$B$S$7EM$VFPi3$EXTD16$VFPS$VFMA$PE$A:L22UL41UL21$X:L11$S22US41US21$IEEE1$IW$USESV6$~STKCKD$USESV7$~SHL$OTIME$ROPI$IEEEX$EBA8$UX$STANDARDLIB$REQ8$PRES8$EABIv2 0x00000000   Number         0  anon$$obj.o ABSOLUTE
    __ARM_use_no_argv                        0x00000000   Number         0  formpal.o ABSOLUTE
    __Vectors                                0x00000000   Data           0  startup_rvmdk.o(RESET)
    __ARM_exceptions_init                     - Undefined Weak Reference
    __alloca_initialize                       - Undefined Weak Reference
    __arm_preinit_                            - Undefined Weak Reference
    __cpp_initialize__aeabi_                  - Undefined Weak Reference
    __cxa_finalize                            - Undefined Weak Reference
    __rt_locale                               - Undefined Weak Reference
    __sigvec_lookup                           - Undefined Weak Reference
    _atexit_init                              - Undefined Weak Reference
    _call_atexit_fns                          - Undefined Weak Reference
    _clock_init                               - Undefined Weak Reference
    _fp_trap_init                             - Undefined Weak Reference
    _fp_trap_shutdown                         - Undefined Weak Reference
    _get_lc_collate                           - Undefined Weak Reference
    _get_lc_ctype                             - Undefined Weak Reference
    _get_lc_monetary                          - Undefined Weak Reference
    _get_lc_numeric                           - Undefined Weak Reference
    _get_lc_time                              - Undefined Weak Reference
    _getenv_init                              - Undefined Weak Reference
    _handle_redirection                       - Undefined Weak Reference
    _init_alloc                               - Undefined Weak Reference
    _init_user_alloc                          - Undefined Weak Reference
    _initio                                   - Undefined Weak Reference
    _rand_init                                - Undefined Weak Reference
    _signal_finish                            - Undefined Weak Reference
    _signal_init                              - Undefined Weak Reference
    _terminate_alloc                          - Undefined Weak Reference
    _terminate_user_alloc                     - Undefined Weak Reference
    _terminateio                              - Undefined Weak Reference
    Reset_Handler                            0x0000026d   Thumb Code     0  startup_rvmdk.o(RESET)
    __main                                   0x00000289   Thumb Code     8  __main.o(!!!main)
    __scatterload                            0x00000291   Thumb Code     0  __scatter.o(!!!scatter)
    __scatterload_rt2                        0x00000291   Thumb Code    44  __scatter.o(!!!scatter)
    __scatterload_rt2_thumb_only             0x00000291   Thumb Code     0  __scatter.o(!!!scatter)
    __scatterload_null                       0x0000029f   Thumb Code     0  __scatter.o(!!!scatter)
    __scatterload_copy                       0x000002c5   Thumb Code    26  __scatter_copy.o(!!handler_copy)
    __scatterload_zeroinit                   0x000002e1   Thumb Code    28  __scatter_zi.o(!!handler_zi)
    __rt_lib_init                            0x000002fd   Thumb Code     0  libinit.o(.ARM.Collect$$libinit$$00000000)
    __rt_lib_init_fp_1                       0x000002ff   Thumb Code     0  libinit2.o(.ARM.Collect$$libinit$$00000001)
    __rt_lib_init_alloca_1                   0x00000303   Thumb Code     0  libinit2.o(.ARM.Collect$$libinit$$0000002E)
    __rt_lib_init_argv_1                     0x00000303   Thumb Code     0  libinit2.o(.ARM.Collect$$libinit$$0000002C)
    __rt_lib_init_atexit_1                   0x00000303   Thumb Code     0  libinit2.o(.ARM.Collect$$libinit$$0000001B)
    __rt_lib_init_clock_1                    0x00000303   Thumb Code     0  libinit2.o(.ARM.Collect$$libinit$$00000021)
    __rt_lib_init_cpp_1                      0x00000303   Thumb Code     0  libinit2.o(.ARM.Collect$$libinit$$00000032)
    __rt_lib_init_exceptions_1               0x00000303   Thumb Code     0  libinit2.o(.ARM.Collect$$libinit$$00000030)
    __rt_lib_init_fp_trap_1                  0x00000303   Thumb Code     0  libinit2.o(.ARM.Collect$$libinit$$0000001F)
    __rt_lib_init_getenv_1                   0x00000303   Thumb Code     0  libinit2.o(.ARM.Collect$$libinit$$00000023)
    __rt_lib_init_heap_1                     0x00000303   Thumb Code     0  libinit2.o(.ARM.Collect$$libinit$$0000000A)
    __rt_lib_init_lc_collate_1               0x00000303   Thumb Code     0  libinit2.o(.ARM.Collect$$libinit$$00000011)
    __rt_lib_init_lc_ctype_1                 0x00000303   Thumb Code     0  libinit2.o(.ARM.Collect$$libinit$$00000013)
    __rt_lib_init_lc_monetary_1              0x00000303   Thumb Code     0  libinit2.o(.ARM.Collect$$libinit$$00000015)
    __rt_lib_init_lc_numeric_1               0x00000303   Thumb Code     0  libinit2.o(.ARM.Collect$$libinit$$00000017)
    __rt_lib_init_lc_time_1                  0x00000303   Thumb Code     0  libinit2.o(.ARM.Collect$$libinit$$00000019)
    __rt_lib_init_preinit_1                  0x00000303   Thumb Code     0  libinit2.o(.ARM.Collect$$libinit$$00000004)
    __rt_lib_init_rand_1                     0x00000303   Thumb Code     0  libinit2.o(.ARM.Collect$$libinit$$0000000E)
    __rt_lib_init_return                     0x00000303   Thumb Code     0  libinit2.o(.ARM.Collect$$libinit$$00000033)
    __rt_lib_init_signal_1                   0x00000303   Thumb Code     0  libinit2.o(.ARM.Collect$$libinit$$0000001D)
    __rt_lib_init_stdio_1                    0x00000303   Thumb Code     0  libinit2.o(.ARM.Collect$$libinit$$00000025)
    __rt_lib_init_user_alloc_1               0x00000303   Thumb Code     0  libinit2.o(.ARM.Collect$$libinit$$0000000C)
    __rt_lib_shutdown                        0x00000305   Thumb Code     0  libshutdown.o(.ARM.Collect$$libshutdown$$00000000)
    __rt_lib_shutdown_cpp_1                  0x00000307   Thumb Code     0  libshutdown2.o(.ARM.Collect$$libshutdown$$00000002)
    __rt_lib_shutdown_fp_trap_1              0x00000307   Thumb Code     0  libshutdown2.o(.ARM.Collect$$libshutdown$$00000007)
    __rt_lib_shutdown_heap_1                 0x00000307   Thumb Code     0  libshutdown2.o(.ARM.Collect$$libshutdown$$0000000F)
    __rt_lib_shutdown_return                 0x00000307   Thumb Code     0  libshutdown2.o(.ARM.Collect$$libshutdown$$00000010)
    __rt_lib_shutdown_signal_1               0x00000307   Thumb Code     0  libshutdown2.o(.ARM.Collect$$libshutdown$$0000000A)
    __rt_lib_shutdown_stdio_1                0x00000307   Thumb Code     0  libshutdown2.o(.ARM.Collect$$libshutdown$$00000004)
    __rt_lib_shutdown_user_alloc_1           0x00000307   Thumb Code     0  libshutdown2.o(.ARM.Collect$$libshutdown$$0000000C)
    __rt_entry                               0x00000309   Thumb Code     0  __rtentry.o(.ARM.Collect$$rtentry$$00000000)
    __rt_entry_presh_1                       0x00000309   Thumb Code     0  __rtentry2.o(.ARM.Collect$$rtentry$$00000002)
    __rt_entry_sh                            0x00000309   Thumb Code     0  __rtentry4.o(.ARM.Collect$$rtentry$$00000004)
    __rt_entry_li                            0x0000030f   Thumb Code     0  __rtentry2.o(.ARM.Collect$$rtentry$$0000000A)
    __rt_entry_postsh_1                      0x0000030f   Thumb Code     0  __rtentry2.o(.ARM.Collect$$rtentry$$00000009)
    __rt_entry_main                          0x00000313   Thumb Code     0  __rtentry2.o(.ARM.Collect$$rtentry$$0000000D)
    __rt_entry_postli_1                      0x00000313   Thumb Code     0  __rtentry2.o(.ARM.Collect$$rtentry$$0000000C)
    __rt_exit                                0x0000031b   Thumb Code     0  rtexit.o(.ARM.Collect$$rtexit$$00000000)
    __rt_exit_ls                             0x0000031d   Thumb Code     0  rtexit2.o(.ARM.Collect$$rtexit$$00000003)
    __rt_exit_prels_1                        0x0000031d   Thumb Code     0  rtexit2.o(.ARM.Collect$$rtexit$$00000002)
    __rt_exit_exit                           0x00000321   Thumb Code     0  rtexit2.o(.ARM.Collect$$rtexit$$00000004)
    SysCtlDelay                              0x00000329   Thumb Code     6  sysctl.o(.emb_text)
    __user_initial_stackheap                 0x00000331   Thumb Code     0  startup_rvmdk.o(.text)
    __use_two_region_memory                  0x00000349   Thumb Code     2  heapauxi.o(.text)
    __rt_heap_escrow$2region                 0x0000034b   Thumb Code     2  heapauxi.o(.text)
    __rt_heap_expand$2region                 0x0000034d   Thumb Code     2  heapauxi.o(.text)
    __read_errno                             0x0000034f   Thumb Code    10  _rserrno.o(.text)
    __set_errno                              0x00000359   Thumb Code    12  _rserrno.o(.text)
    __aeabi_errno_addr                       0x00000365   Thumb Code     8  rt_errno_addr_intlibspace.o(.text)
    __errno$intlibspace                      0x00000365   Thumb Code     0  rt_errno_addr_intlibspace.o(.text)
    __rt_errno_addr$intlibspace              0x00000365   Thumb Code     0  rt_errno_addr_intlibspace.o(.text)
    __user_libspace                          0x0000036d   Thumb Code     8  libspace.o(.text)
    __user_perproc_libspace                  0x0000036d   Thumb Code     0  libspace.o(.text)
    __user_perthread_libspace                0x0000036d   Thumb Code     0  libspace.o(.text)
    __user_setup_stackheap                   0x00000375   Thumb Code    74  sys_stackheap_outer.o(.text)
    exit                                     0x000003bf   Thumb Code    18  exit.o(.text)
    _sys_exit                                0x000003d1   Thumb Code     8  sys_exit.o(.text)
    __I$use$semihosting                      0x000003dd   Thumb Code     0  use_no_semi.o(.text)
    __use_no_semihosting_swi                 0x000003dd   Thumb Code     2  use_no_semi.o(.text)
    __semihosting_library_function           0x000003df   Thumb Code     0  indicate_semi.o(.text)
    ButtonsInit                              0x000003e1   Thumb Code    92  formpal.o(i.ButtonsInit)
    ButtonsPoll                              0x00000451   Thumb Code   152  formpal.o(i.ButtonsPoll)
    CompDCMAccelUpdate                       0x000004f9   Thumb Code    14  comp_dcm.o(i.CompDCMAccelUpdate)
    CompDCMComputeEulers                     0x00000507   Thumb Code    76  comp_dcm.o(i.CompDCMComputeEulers)
    CompDCMComputeQuaternion                 0x00000553   Thumb Code   532  comp_dcm.o(i.CompDCMComputeQuaternion)
    CompDCMGyroUpdate                        0x00000767   Thumb Code    14  comp_dcm.o(i.CompDCMGyroUpdate)
    CompDCMInit                              0x00000775   Thumb Code    54  comp_dcm.o(i.CompDCMInit)
    CompDCMMagnetoUpdate                     0x000007b1   Thumb Code    14  comp_dcm.o(i.CompDCMMagnetoUpdate)
    CompDCMMatrixGet                         0x000007bf   Thumb Code    74  comp_dcm.o(i.CompDCMMatrixGet)
    CompDCMStart                             0x00000809   Thumb Code   288  comp_dcm.o(i.CompDCMStart)
    CompDCMUpdate                            0x00000929   Thumb Code   716  comp_dcm.o(i.CompDCMUpdate)
    ConfigureUART                            0x00000c0d   Thumb Code    90  formpal.o(i.ConfigureUART)
    GPIODirModeSet                           0x00000c79   Thumb Code    40  gpio.o(i.GPIODirModeSet)
    GPIOIntClear                             0x00000ca1   Thumb Code     6  gpio.o(i.GPIOIntClear)
    GPIOIntEnable                            0x00000ca7   Thumb Code    12  gpio.o(i.GPIOIntEnable)
    GPIOIntStatus                            0x00000cb3   Thumb Code    14  gpio.o(i.GPIOIntStatus)
    GPIOPadConfigSet                         0x00000cc1   Thumb Code   312  gpio.o(i.GPIOPadConfigSet)
    GPIOPinTypeI2CSCL                        0x00000df9   Thumb Code    28  gpio.o(i.GPIOPinTypeI2CSCL)
    I2CMCommand                              0x00000e15   Thumb Code   142  i2cm_drv.o(i.I2CMCommand)
    I2CMInit                                 0x00000ea3   Thumb Code    54  i2cm_drv.o(i.I2CMInit)
    I2CMIntHandler                           0x00000ed9   Thumb Code   794  i2cm_drv.o(i.I2CMIntHandler)
    I2CMWrite                                0x000011f3   Thumb Code    32  i2cm_drv.o(i.I2CMWrite)
    I2CMWrite8                               0x00001215   Thumb Code    80  i2cm_drv.o(i.I2CMWrite8)
    I2CMasterControl                         0x000012c7   Thumb Code     4  i2c.o(i.I2CMasterControl)
    I2CMasterDataGet                         0x000012cb   Thumb Code     4  i2c.o(i.I2CMasterDataGet)
    I2CMasterDataPut                         0x000012cf   Thumb Code     4  i2c.o(i.I2CMasterDataPut)
    I2CMasterInitExpClk                      0x000012d5   Thumb Code    72  i2c.o(i.I2CMasterInitExpClk)
    I2CMasterIntClear                        0x00001329   Thumb Code     8  i2c.o(i.I2CMasterIntClear)
    I2CMasterIntEnableEx                     0x00001331   Thumb Code     8  i2c.o(i.I2CMasterIntEnableEx)
    I2CMasterSlaveAddrSet                    0x00001339   Thumb Code     8  i2c.o(i.I2CMasterSlaveAddrSet)
    IntDisable                               0x00001341   Thumb Code    92  interrupt.o(i.IntDisable)
    IntEnable                                0x000013a5   Thumb Code    92  interrupt.o(i.IntEnable)
    IntGPIOb                                 0x00001409   Thumb Code    38  formpal.o(i.IntGPIOb)
    IntIsEnabled                             0x0000143d   Thumb Code    88  interrupt.o(i.IntIsEnabled)
    IntTrigger                               0x0000149d   Thumb Code     8  interrupt.o(i.IntTrigger)
    MPU9150AppCallback                       0x000014dd   Thumb Code    14  formpal.o(i.MPU9150AppCallback)
    MPU9150AppErrorHandler                   0x000014f5   Thumb Code    62  formpal.o(i.MPU9150AppErrorHandler)
    MPU9150AppI2CWait                        0x00001551   Thumb Code    44  formpal.o(i.MPU9150AppI2CWait)
    MPU9150DataAccelGetFloat                 0x000017c1   Thumb Code   104  mpu9150.o(i.MPU9150DataAccelGetFloat)
    MPU9150DataGyroGetFloat                  0x0000182d   Thumb Code   124  mpu9150.o(i.MPU9150DataGyroGetFloat)
    MPU9150DataMagnetoGetFloat               0x000018b1   Thumb Code   148  mpu9150.o(i.MPU9150DataMagnetoGetFloat)
    MPU9150DataRead                          0x00001951   Thumb Code    94  mpu9150.o(i.MPU9150DataRead)
    MPU9150I2CIntHandler                     0x000019b5   Thumb Code    10  formpal.o(i.MPU9150I2CIntHandler)
    MPU9150Init                              0x000019c5   Thumb Code    92  mpu9150.o(i.MPU9150Init)
    MPU9150Write                             0x00001a25   Thumb Code   154  mpu9150.o(i.MPU9150Write)
    RGBBlinkIntHandler                       0x00001b1d   Thumb Code    48  rgb.o(i.RGBBlinkIntHandler)
    RGBBlinkRateSet                          0x00001b55   Thumb Code   118  rgb.o(i.RGBBlinkRateSet)
    RGBColorSet                              0x00001bd1   Thumb Code   134  rgb.o(i.RGBColorSet)
    RGBDisable                               0x00001c69   Thumb Code    94  rgb.o(i.RGBDisable)
    RGBEnable                                0x00001cd5   Thumb Code   184  rgb.o(i.RGBEnable)
    RGBInit                                  0x00001da5   Thumb Code   238  rgb.o(i.RGBInit)
    RGBIntensitySet                          0x00001eb1   Thumb Code    28  rgb.o(i.RGBIntensitySet)
    SensorUpdateMath                         0x00001ed5   Thumb Code   488  formpal.o(i.SensorUpdateMath)
    SysCtlClockGet                           0x000020f9   Thumb Code   304  sysctl.o(i.SysCtlClockGet)
    UARTClockSourceSet                       0x0000224d   Thumb Code     6  uart.o(i.UARTClockSourceSet)
    UARTFlushRx                              0x00002255   Thumb Code    38  uartstdio.o(i.UARTFlushRx)
    UARTFlushTx                              0x00002285   Thumb Code    58  uartstdio.o(i.UARTFlushTx)
    UARTStdioConfig                          0x00002355   Thumb Code   178  uartstdio.o(i.UARTStdioConfig)
    UARTStdioIntHandler                      0x0000241d   Thumb Code   332  uartstdio.o(i.UARTStdioIntHandler)
    UARTprintf                               0x00002591   Thumb Code    26  uartstdio.o(i.UARTprintf)
    UARTvprintf                              0x000025ad   Thumb Code   574  uartstdio.o(i.UARTvprintf)
    UARTwrite                                0x000027fd   Thumb Code   146  uartstdio.o(i.UARTwrite)
    VectorAdd                                0x000028a1   Thumb Code    50  vector.o(i.VectorAdd)
    VectorCrossProduct                       0x000028d3   Thumb Code    86  vector.o(i.VectorCrossProduct)
    VectorDotProduct                         0x00002929   Thumb Code    38  vector.o(i.VectorDotProduct)
    VectorScale                              0x0000294f   Thumb Code    38  vector.o(i.VectorScale)
    __ARM_fpclassifyf                        0x00002975   Thumb Code    38  fpclassifyf.o(i.__ARM_fpclassifyf)
    __hardfp_asinf                           0x0000299d   Thumb Code   258  asinf.o(i.__hardfp_asinf)
    __hardfp_atan2f                          0x00002ac9   Thumb Code   502  atan2f.o(i.__hardfp_atan2f)
    __hardfp_fabs                            0x00002d19   Thumb Code    20  fabs.o(i.__hardfp_fabs)
    __hardfp_sqrtf                           0x00002d2d   Thumb Code    58  sqrtf.o(i.__hardfp_sqrtf)
    __mathlib_flt_infnan                     0x00002d67   Thumb Code     6  funder.o(i.__mathlib_flt_infnan)
    __mathlib_flt_infnan2                    0x00002d6d   Thumb Code     6  funder.o(i.__mathlib_flt_infnan2)
    __mathlib_flt_invalid                    0x00002d75   Thumb Code    10  funder.o(i.__mathlib_flt_invalid)
    __mathlib_flt_underflow                  0x00002d85   Thumb Code    10  funder.o(i.__mathlib_flt_underflow)
    main                                     0x00002d95   Thumb Code  5126  formpal.o(i.main)
    sqrtf                                    0x000041a1   Thumb Code    62  sqrtf.o(i.sqrtf)
    __aeabi_d2f                              0x000041e1   Thumb Code     0  d2f.o(x$fpl$d2f)
    _d2f                                     0x000041e1   Thumb Code    98  d2f.o(x$fpl$d2f)
    __aeabi_dadd                             0x00004245   Thumb Code     0  daddsub_clz.o(x$fpl$dadd)
    _dadd                                    0x00004245   Thumb Code   332  daddsub_clz.o(x$fpl$dadd)
    __aeabi_dmul                             0x00004395   Thumb Code     0  dmul.o(x$fpl$dmul)
    _dmul                                    0x00004395   Thumb Code   332  dmul.o(x$fpl$dmul)
    __fpl_dnaninf                            0x000044e9   Thumb Code   156  dnaninf.o(x$fpl$dnaninf)
    __fpl_dretinf                            0x00004585   Thumb Code    12  dretinf.o(x$fpl$dretinf)
    __aeabi_drsub                            0x00004591   Thumb Code     0  daddsub_clz.o(x$fpl$drsb)
    _drsb                                    0x00004591   Thumb Code    22  daddsub_clz.o(x$fpl$drsb)
    __aeabi_dsub                             0x000045a9   Thumb Code     0  daddsub_clz.o(x$fpl$dsub)
    _dsub                                    0x000045a9   Thumb Code   464  daddsub_clz.o(x$fpl$dsub)
    __aeabi_f2d                              0x0000477d   Thumb Code     0  f2d.o(x$fpl$f2d)
    _f2d                                     0x0000477d   Thumb Code    86  f2d.o(x$fpl$f2d)
    __fpl_fnaninf                            0x000047d3   Thumb Code   140  fnaninf.o(x$fpl$fnaninf)
    _fp_init                                 0x0000485f   Thumb Code    10  fpinit.o(x$fpl$fpinit)
    __fplib_config_fpu_vfp                   0x00004867   Thumb Code     0  fpinit.o(x$fpl$fpinit)
    __fplib_config_pureend_doubles           0x00004867   Thumb Code     0  fpinit.o(x$fpl$fpinit)
    __fpl_fretinf                            0x00004869   Thumb Code    10  fretinf.o(x$fpl$fretinf)
    __aeabi_f2ulz                            0x00004875   Thumb Code     0  ffixull.o(x$fpl$llufromf)
    _ll_ufrom_f                              0x00004875   Thumb Code    92  ffixull.o(x$fpl$llufromf)
    __I$use$fp                               0x000048d0   Number         0  usenofp.o(x$fpl$usenofp)
    Region$$Table$$Base                      0x00004ce0   Number         0  anon$$obj.o(Region$$Table)
    Region$$Table$$Limit                     0x00004d00   Number         0  anon$$obj.o(Region$$Table)
    g_vui8I2CDoneFlag                        0x2000002c   Data           4  formpal.o(.data)
    g_vui8ErrorFlag                          0x20000030   Data           4  formpal.o(.data)
    g_vui8DataFlag                           0x20000034   Data           4  formpal.o(.data)
    g_ui32PrintSkipCounter                   0x20000038   Data           4  formpal.o(.data)
    g_pui32Colors                            0x200004fc   Data          12  formpal.o(.bss)
    g_sI2CInst                               0x20000508   Data         292  formpal.o(.bss)
    g_sMPU9150Inst                           0x2000062c   Data         108  formpal.o(.bss)
    g_sCompDCMInst                           0x20000698   Data          88  formpal.o(.bss)
    __libspace_start                         0x20000704   Data          96  libspace.o(.bss)
    __temporary_stack_top$libspace           0x20000764   Data           0  libspace.o(.bss)



==============================================================================

Memory Map of the image

  Image Entry point : 0x0000026d

  Load Region LR_1 (Base: 0x00000000, Size: 0x00004d70, Max: 0xffffffff, ABSOLUTE)

    Execution Region ER_RO (Exec base: 0x00000000, Load base: 0x00000000, Size: 0x00004d00, Max: 0xffffffff, ABSOLUTE)

    Exec Addr    Load Addr    Size         Type   Attr      Idx    E Section Name        Object

    0x00000000   0x00000000   0x00000288   Code   RO            3  * RESET               startup_rvmdk.o
    0x00000288   0x00000288   0x00000008   Code   RO         2178  * !!!main             c_w.l(__main.o)
    0x00000290   0x00000290   0x00000034   Code   RO         2425    !!!scatter          c_w.l(__scatter.o)
    0x000002c4   0x000002c4   0x0000001a   Code   RO         2427    !!handler_copy      c_w.l(__scatter_copy.o)
    0x000002de   0x000002de   0x00000002   PAD
    0x000002e0   0x000002e0   0x0000001c   Code   RO         2429    !!handler_zi        c_w.l(__scatter_zi.o)
    0x000002fc   0x000002fc   0x00000002   Code   RO         2298    .ARM.Collect$$libinit$$00000000  c_w.l(libinit.o)
    0x000002fe   0x000002fe   0x00000004   Code   RO         2301    .ARM.Collect$$libinit$$00000001  c_w.l(libinit2.o)
    0x00000302   0x00000302   0x00000000   Code   RO         2304    .ARM.Collect$$libinit$$00000004  c_w.l(libinit2.o)
    0x00000302   0x00000302   0x00000000   Code   RO         2307    .ARM.Collect$$libinit$$0000000A  c_w.l(libinit2.o)
    0x00000302   0x00000302   0x00000000   Code   RO         2309    .ARM.Collect$$libinit$$0000000C  c_w.l(libinit2.o)
    0x00000302   0x00000302   0x00000000   Code   RO         2311    .ARM.Collect$$libinit$$0000000E  c_w.l(libinit2.o)
    0x00000302   0x00000302   0x00000000   Code   RO         2314    .ARM.Collect$$libinit$$00000011  c_w.l(libinit2.o)
    0x00000302   0x00000302   0x00000000   Code   RO         2316    .ARM.Collect$$libinit$$00000013  c_w.l(libinit2.o)
    0x00000302   0x00000302   0x00000000   Code   RO         2318    .ARM.Collect$$libinit$$00000015  c_w.l(libinit2.o)
    0x00000302   0x00000302   0x00000000   Code   RO         2320    .ARM.Collect$$libinit$$00000017  c_w.l(libinit2.o)
    0x00000302   0x00000302   0x00000000   Code   RO         2322    .ARM.Collect$$libinit$$00000019  c_w.l(libinit2.o)
    0x00000302   0x00000302   0x00000000   Code   RO         2324    .ARM.Collect$$libinit$$0000001B  c_w.l(libinit2.o)
    0x00000302   0x00000302   0x00000000   Code   RO         2326    .ARM.Collect$$libinit$$0000001D  c_w.l(libinit2.o)
    0x00000302   0x00000302   0x00000000   Code   RO         2328    .ARM.Collect$$libinit$$0000001F  c_w.l(libinit2.o)
    0x00000302   0x00000302   0x00000000   Code   RO         2330    .ARM.Collect$$libinit$$00000021  c_w.l(libinit2.o)
    0x00000302   0x00000302   0x00000000   Code   RO         2332    .ARM.Collect$$libinit$$00000023  c_w.l(libinit2.o)
    0x00000302   0x00000302   0x00000000   Code   RO         2334    .ARM.Collect$$libinit$$00000025  c_w.l(libinit2.o)
    0x00000302   0x00000302   0x00000000   Code   RO         2338    .ARM.Collect$$libinit$$0000002C  c_w.l(libinit2.o)
    0x00000302   0x00000302   0x00000000   Code   RO         2340    .ARM.Collect$$libinit$$0000002E  c_w.l(libinit2.o)
    0x00000302   0x00000302   0x00000000   Code   RO         2342    .ARM.Collect$$libinit$$00000030  c_w.l(libinit2.o)
    0x00000302   0x00000302   0x00000000   Code   RO         2344    .ARM.Collect$$libinit$$00000032  c_w.l(libinit2.o)
    0x00000302   0x00000302   0x00000002   Code   RO         2345    .ARM.Collect$$libinit$$00000033  c_w.l(libinit2.o)
    0x00000304   0x00000304   0x00000002   Code   RO         2365    .ARM.Collect$$libshutdown$$00000000  c_w.l(libshutdown.o)
    0x00000306   0x00000306   0x00000000   Code   RO         2378    .ARM.Collect$$libshutdown$$00000002  c_w.l(libshutdown2.o)
    0x00000306   0x00000306   0x00000000   Code   RO         2380    .ARM.Collect$$libshutdown$$00000004  c_w.l(libshutdown2.o)
    0x00000306   0x00000306   0x00000000   Code   RO         2383    .ARM.Collect$$libshutdown$$00000007  c_w.l(libshutdown2.o)
    0x00000306   0x00000306   0x00000000   Code   RO         2386    .ARM.Collect$$libshutdown$$0000000A  c_w.l(libshutdown2.o)
    0x00000306   0x00000306   0x00000000   Code   RO         2388    .ARM.Collect$$libshutdown$$0000000C  c_w.l(libshutdown2.o)
    0x00000306   0x00000306   0x00000000   Code   RO         2391    .ARM.Collect$$libshutdown$$0000000F  c_w.l(libshutdown2.o)
    0x00000306   0x00000306   0x00000002   Code   RO         2392    .ARM.Collect$$libshutdown$$00000010  c_w.l(libshutdown2.o)
    0x00000308   0x00000308   0x00000000   Code   RO         2238    .ARM.Collect$$rtentry$$00000000  c_w.l(__rtentry.o)
    0x00000308   0x00000308   0x00000000   Code   RO         2267    .ARM.Collect$$rtentry$$00000002  c_w.l(__rtentry2.o)
    0x00000308   0x00000308   0x00000006   Code   RO         2279    .ARM.Collect$$rtentry$$00000004  c_w.l(__rtentry4.o)
    0x0000030e   0x0000030e   0x00000000   Code   RO         2269    .ARM.Collect$$rtentry$$00000009  c_w.l(__rtentry2.o)
    0x0000030e   0x0000030e   0x00000004   Code   RO         2270    .ARM.Collect$$rtentry$$0000000A  c_w.l(__rtentry2.o)
    0x00000312   0x00000312   0x00000000   Code   RO         2272    .ARM.Collect$$rtentry$$0000000C  c_w.l(__rtentry2.o)
    0x00000312   0x00000312   0x00000008   Code   RO         2273    .ARM.Collect$$rtentry$$0000000D  c_w.l(__rtentry2.o)
    0x0000031a   0x0000031a   0x00000002   Code   RO         2299    .ARM.Collect$$rtexit$$00000000  c_w.l(rtexit.o)
    0x0000031c   0x0000031c   0x00000000   Code   RO         2347    .ARM.Collect$$rtexit$$00000002  c_w.l(rtexit2.o)
    0x0000031c   0x0000031c   0x00000004   Code   RO         2348    .ARM.Collect$$rtexit$$00000003  c_w.l(rtexit2.o)
    0x00000320   0x00000320   0x00000006   Code   RO         2349    .ARM.Collect$$rtexit$$00000004  c_w.l(rtexit2.o)
    0x00000326   0x00000326   0x00000002   PAD
    0x00000328   0x00000328   0x00000006   Code   RO          714    .emb_text           driverlib.lib(sysctl.o)
    0x0000032e   0x0000032e   0x00000002   PAD
    0x00000330   0x00000330   0x00000018   Code   RO            4    .text               startup_rvmdk.o
    0x00000348   0x00000348   0x00000006   Code   RO         2176    .text               c_w.l(heapauxi.o)
    0x0000034e   0x0000034e   0x00000016   Code   RO         2239    .text               c_w.l(_rserrno.o)
    0x00000364   0x00000364   0x00000008   Code   RO         2284    .text               c_w.l(rt_errno_addr_intlibspace.o)
    0x0000036c   0x0000036c   0x00000008   Code   RO         2286    .text               c_w.l(libspace.o)
    0x00000374   0x00000374   0x0000004a   Code   RO         2289    .text               c_w.l(sys_stackheap_outer.o)
    0x000003be   0x000003be   0x00000012   Code   RO         2291    .text               c_w.l(exit.o)
    0x000003d0   0x000003d0   0x0000000c   Code   RO         2357    .text               c_w.l(sys_exit.o)
    0x000003dc   0x000003dc   0x00000002   Code   RO         2368    .text               c_w.l(use_no_semi.o)
    0x000003de   0x000003de   0x00000000   Code   RO         2370    .text               c_w.l(indicate_semi.o)
    0x000003de   0x000003de   0x00000002   PAD
    0x000003e0   0x000003e0   0x00000070   Code   RO          243    i.ButtonsInit       formpal.o
    0x00000450   0x00000450   0x000000a8   Code   RO          244    i.ButtonsPoll       formpal.o
    0x000004f8   0x000004f8   0x0000000e   Code   RO         1363    i.CompDCMAccelUpdate  sensorlib.lib(comp_dcm.o)
    0x00000506   0x00000506   0x0000004c   Code   RO         1364    i.CompDCMComputeEulers  sensorlib.lib(comp_dcm.o)
    0x00000552   0x00000552   0x00000214   Code   RO         1365    i.CompDCMComputeQuaternion  sensorlib.lib(comp_dcm.o)
    0x00000766   0x00000766   0x0000000e   Code   RO         1366    i.CompDCMGyroUpdate  sensorlib.lib(comp_dcm.o)
    0x00000774   0x00000774   0x0000003c   Code   RO         1367    i.CompDCMInit       sensorlib.lib(comp_dcm.o)
    0x000007b0   0x000007b0   0x0000000e   Code   RO         1368    i.CompDCMMagnetoUpdate  sensorlib.lib(comp_dcm.o)
    0x000007be   0x000007be   0x0000004a   Code   RO         1369    i.CompDCMMatrixGet  sensorlib.lib(comp_dcm.o)
    0x00000808   0x00000808   0x00000120   Code   RO         1370    i.CompDCMStart      sensorlib.lib(comp_dcm.o)
    0x00000928   0x00000928   0x000002e4   Code   RO         1371    i.CompDCMUpdate     sensorlib.lib(comp_dcm.o)
    0x00000c0c   0x00000c0c   0x0000006c   Code   RO          245    i.ConfigureUART     formpal.o
    0x00000c78   0x00000c78   0x00000028   Code   RO          388    i.GPIODirModeSet    driverlib.lib(gpio.o)
    0x00000ca0   0x00000ca0   0x00000006   Code   RO          389    i.GPIOIntClear      driverlib.lib(gpio.o)
    0x00000ca6   0x00000ca6   0x0000000c   Code   RO          391    i.GPIOIntEnable     driverlib.lib(gpio.o)
    0x00000cb2   0x00000cb2   0x0000000e   Code   RO          394    i.GPIOIntStatus     driverlib.lib(gpio.o)
    0x00000cc0   0x00000cc0   0x00000138   Code   RO          400    i.GPIOPadConfigSet  driverlib.lib(gpio.o)
    0x00000df8   0x00000df8   0x0000001c   Code   RO          416    i.GPIOPinTypeI2CSCL  driverlib.lib(gpio.o)
    0x00000e14   0x00000e14   0x0000008e   Code   RO         1436    i.I2CMCommand       sensorlib.lib(i2cm_drv.o)
    0x00000ea2   0x00000ea2   0x00000036   Code   RO         1437    i.I2CMInit          sensorlib.lib(i2cm_drv.o)
    0x00000ed8   0x00000ed8   0x0000031a   Code   RO         1438    i.I2CMIntHandler    sensorlib.lib(i2cm_drv.o)
    0x000011f2   0x000011f2   0x00000020   Code   RO         1516    i.I2CMWrite         sensorlib.lib(i2cm_drv.o)
    0x00001212   0x00001212   0x00000002   PAD
    0x00001214   0x00001214   0x00000054   Code   RO         1448    i.I2CMWrite8        sensorlib.lib(i2cm_drv.o)
    0x00001268   0x00001268   0x0000005e   Code   RO         1449    i.I2CMWrite8Callback  sensorlib.lib(i2cm_drv.o)
    0x000012c6   0x000012c6   0x00000004   Code   RO         1709    i.I2CMasterControl  driverlib.lib(i2c.o)
    0x000012ca   0x000012ca   0x00000004   Code   RO         1710    i.I2CMasterDataGet  driverlib.lib(i2c.o)
    0x000012ce   0x000012ce   0x00000004   Code   RO         1711    i.I2CMasterDataPut  driverlib.lib(i2c.o)
    0x000012d2   0x000012d2   0x00000002   PAD
    0x000012d4   0x000012d4   0x00000054   Code   RO         1716    i.I2CMasterInitExpClk  driverlib.lib(i2c.o)
    0x00001328   0x00001328   0x00000008   Code   RO         1717    i.I2CMasterIntClear  driverlib.lib(i2c.o)
    0x00001330   0x00001330   0x00000008   Code   RO         1722    i.I2CMasterIntEnableEx  driverlib.lib(i2c.o)
    0x00001338   0x00001338   0x00000008   Code   RO         1726    i.I2CMasterSlaveAddrSet  driverlib.lib(i2c.o)
    0x00001340   0x00001340   0x00000064   Code   RO         2034    i.IntDisable        driverlib.lib(interrupt.o)
    0x000013a4   0x000013a4   0x00000064   Code   RO         2035    i.IntEnable         driverlib.lib(interrupt.o)
    0x00001408   0x00001408   0x00000034   Code   RO          246    i.IntGPIOb          formpal.o
    0x0000143c   0x0000143c   0x00000060   Code   RO         2036    i.IntIsEnabled      driverlib.lib(interrupt.o)
    0x0000149c   0x0000149c   0x0000000c   Code   RO         2048    i.IntTrigger        driverlib.lib(interrupt.o)
    0x000014a8   0x000014a8   0x00000014   Code   RO          118    i.IsBufferEmpty     uartstdio.o
    0x000014bc   0x000014bc   0x0000001e   Code   RO          119    i.IsBufferFull      uartstdio.o
    0x000014da   0x000014da   0x00000002   PAD
    0x000014dc   0x000014dc   0x00000018   Code   RO          247    i.MPU9150AppCallback  formpal.o
    0x000014f4   0x000014f4   0x0000005c   Code   RO          248    i.MPU9150AppErrorHandler  formpal.o
    0x00001550   0x00001550   0x00000034   Code   RO          249    i.MPU9150AppI2CWait  formpal.o
    0x00001584   0x00001584   0x0000023c   Code   RO         1580    i.MPU9150Callback   sensorlib.lib(mpu9150.o)
    0x000017c0   0x000017c0   0x0000006c   Code   RO         1581    i.MPU9150DataAccelGetFloat  sensorlib.lib(mpu9150.o)
    0x0000182c   0x0000182c   0x00000080   Code   RO         1583    i.MPU9150DataGyroGetFloat  sensorlib.lib(mpu9150.o)
    0x000018ac   0x000018ac   0x00000004   PAD
    0x000018b0   0x000018b0   0x000000a0   Code   RO         1585    i.MPU9150DataMagnetoGetFloat  sensorlib.lib(mpu9150.o)
    0x00001950   0x00001950   0x00000064   Code   RO         1587    i.MPU9150DataRead   sensorlib.lib(mpu9150.o)
    0x000019b4   0x000019b4   0x00000010   Code   RO          250    i.MPU9150I2CIntHandler  formpal.o
    0x000019c4   0x000019c4   0x00000060   Code   RO         1588    i.MPU9150Init       sensorlib.lib(mpu9150.o)
    0x00001a24   0x00001a24   0x000000a0   Code   RO         1592    i.MPU9150Write      sensorlib.lib(mpu9150.o)
    0x00001ac4   0x00001ac4   0x00000058   Code   RO          251    i.MatrixVectorMul   formpal.o
    0x00001b1c   0x00001b1c   0x00000038   Code   RO           11    i.RGBBlinkIntHandler  rgb.o
    0x00001b54   0x00001b54   0x0000007c   Code   RO           12    i.RGBBlinkRateSet   rgb.o
    0x00001bd0   0x00001bd0   0x00000098   Code   RO           14    i.RGBColorSet       rgb.o
    0x00001c68   0x00001c68   0x0000006c   Code   RO           15    i.RGBDisable        rgb.o
    0x00001cd4   0x00001cd4   0x000000d0   Code   RO           16    i.RGBEnable         rgb.o
    0x00001da4   0x00001da4   0x0000010c   Code   RO           17    i.RGBInit           rgb.o
    0x00001eb0   0x00001eb0   0x00000024   Code   RO           18    i.RGBIntensitySet   rgb.o
    0x00001ed4   0x00001ed4   0x00000224   Code   RO          252    i.SensorUpdateMath  formpal.o
    0x000020f8   0x000020f8   0x00000154   Code   RO          717    i.SysCtlClockGet    driverlib.lib(sysctl.o)
    0x0000224c   0x0000224c   0x00000006   Code   RO         1080    i.UARTClockSourceSet  driverlib.lib(uart.o)
    0x00002252   0x00002252   0x00000002   PAD
    0x00002254   0x00002254   0x00000030   Code   RO          121    i.UARTFlushRx       uartstdio.o
    0x00002284   0x00002284   0x00000044   Code   RO          122    i.UARTFlushTx       uartstdio.o
    0x000022c8   0x000022c8   0x0000008c   Code   RO          124    i.UARTPrimeTransmit  uartstdio.o
    0x00002354   0x00002354   0x000000c8   Code   RO          126    i.UARTStdioConfig   uartstdio.o
    0x0000241c   0x0000241c   0x00000174   Code   RO          127    i.UARTStdioIntHandler  uartstdio.o
    0x00002590   0x00002590   0x0000001a   Code   RO          131    i.UARTprintf        uartstdio.o
    0x000025aa   0x000025aa   0x00000002   PAD
    0x000025ac   0x000025ac   0x00000250   Code   RO          132    i.UARTvprintf       uartstdio.o
    0x000027fc   0x000027fc   0x000000a4   Code   RO          133    i.UARTwrite         uartstdio.o
    0x000028a0   0x000028a0   0x00000032   Code   RO         2144    i.VectorAdd         sensorlib.lib(vector.o)
    0x000028d2   0x000028d2   0x00000056   Code   RO         2145    i.VectorCrossProduct  sensorlib.lib(vector.o)
    0x00002928   0x00002928   0x00000026   Code   RO         2146    i.VectorDotProduct  sensorlib.lib(vector.o)
    0x0000294e   0x0000294e   0x00000026   Code   RO         2147    i.VectorScale       sensorlib.lib(vector.o)
    0x00002974   0x00002974   0x00000026   Code   RO         2250    i.__ARM_fpclassifyf  m_wm.l(fpclassifyf.o)
    0x0000299a   0x0000299a   0x00000002   PAD
    0x0000299c   0x0000299c   0x0000012c   Code   RO         2196    i.__hardfp_asinf    m_wm.l(asinf.o)
    0x00002ac8   0x00002ac8   0x00000250   Code   RO         2208    i.__hardfp_atan2f   m_wm.l(atan2f.o)
    0x00002d18   0x00002d18   0x00000014   Code   RO         2220    i.__hardfp_fabs     m_wm.l(fabs.o)
    0x00002d2c   0x00002d2c   0x0000003a   Code   RO         2226    i.__hardfp_sqrtf    m_wm.l(sqrtf.o)
    0x00002d66   0x00002d66   0x00000006   Code   RO         2253    i.__mathlib_flt_infnan  m_wm.l(funder.o)
    0x00002d6c   0x00002d6c   0x00000006   Code   RO         2254    i.__mathlib_flt_infnan2  m_wm.l(funder.o)
    0x00002d72   0x00002d72   0x00000002   PAD
    0x00002d74   0x00002d74   0x00000010   Code   RO         2255    i.__mathlib_flt_invalid  m_wm.l(funder.o)
    0x00002d84   0x00002d84   0x00000010   Code   RO         2258    i.__mathlib_flt_underflow  m_wm.l(funder.o)
    0x00002d94   0x00002d94   0x0000140c   Code   RO          253    i.main              formpal.o
    0x000041a0   0x000041a0   0x0000003e   Code   RO         2228    i.sqrtf             m_wm.l(sqrtf.o)
    0x000041de   0x000041de   0x00000002   PAD
    0x000041e0   0x000041e0   0x00000062   Code   RO         2180    x$fpl$d2f           fz_wm.l(d2f.o)
    0x00004242   0x00004242   0x00000002   PAD
    0x00004244   0x00004244   0x00000150   Code   RO         2182    x$fpl$dadd          fz_wm.l(daddsub_clz.o)
    0x00004394   0x00004394   0x00000154   Code   RO         2188    x$fpl$dmul          fz_wm.l(dmul.o)
    0x000044e8   0x000044e8   0x0000009c   Code   RO         2241    x$fpl$dnaninf       fz_wm.l(dnaninf.o)
    0x00004584   0x00004584   0x0000000c   Code   RO         2243    x$fpl$dretinf       fz_wm.l(dretinf.o)
    0x00004590   0x00004590   0x00000016   Code   RO         2183    x$fpl$drsb          fz_wm.l(daddsub_clz.o)
    0x000045a6   0x000045a6   0x00000002   PAD
    0x000045a8   0x000045a8   0x000001d4   Code   RO         2184    x$fpl$dsub          fz_wm.l(daddsub_clz.o)
    0x0000477c   0x0000477c   0x00000056   Code   RO         2190    x$fpl$f2d           fz_wm.l(f2d.o)
    0x000047d2   0x000047d2   0x0000008c   Code   RO         2245    x$fpl$fnaninf       fz_wm.l(fnaninf.o)
    0x0000485e   0x0000485e   0x0000000a   Code   RO         2355    x$fpl$fpinit        fz_wm.l(fpinit.o)
    0x00004868   0x00004868   0x0000000a   Code   RO         2247    x$fpl$fretinf       fz_wm.l(fretinf.o)
    0x00004872   0x00004872   0x00000002   PAD
    0x00004874   0x00004874   0x0000005c   Code   RO         2192    x$fpl$llufromf      fz_wm.l(ffixull.o)
    0x000048d0   0x000048d0   0x00000000   Code   RO         2249    x$fpl$usenofp       fz_wm.l(usenofp.o)
    0x000048d0   0x000048d0   0x00000028   Data   RO          135    .constdata          uartstdio.o
    0x000048f8   0x000048f8   0x00000254   Data   RO          770    .constdata          driverlib.lib(sysctl.o)
    0x00004b4c   0x00004b4c   0x00000020   Data   RO         1593    .constdata          sensorlib.lib(mpu9150.o)
    0x00004b6c   0x00004b6c   0x0000010c   Data   RO         2051    .constdata          driverlib.lib(interrupt.o)
    0x00004c78   0x00004c78   0x00000011   Data   RO          136    .conststring        uartstdio.o
    0x00004c89   0x00004c89   0x00000003   PAD
    0x00004c8c   0x00004c8c   0x00000052   Data   RO          255    .conststring        formpal.o
    0x00004cde   0x00004cde   0x00000002   PAD
    0x00004ce0   0x00004ce0   0x00000020   Data   RO         2423    Region$$Table       anon$$obj.o


    Execution Region ER_RW (Exec base: 0x20000000, Load base: 0x00004d00, Size: 0x00000070, Max: 0xffffffff, ABSOLUTE)

    Exec Addr    Load Addr    Size         Type   Attr      Idx    E Section Name        Object

    0x20000000   0x00004d00   0x00000008   Data   RW           21    .data               rgb.o
    0x20000008   0x00004d08   0x0000001d   Data   RW          137    .data               uartstdio.o
    0x20000025   0x00004d25   0x00000003   PAD
    0x20000028   0x00004d28   0x00000048   Data   RW          256    .data               formpal.o


    Execution Region ER_ZI (Exec base: 0x20000070, Load base: 0x00004d70, Size: 0x00000af8, Max: 0xffffffff, ABSOLUTE)

    Exec Addr    Load Addr    Size         Type   Attr      Idx    E Section Name        Object

    0x20000070        -       0x0000000c   Zero   RW           20    .bss                rgb.o
    0x2000007c        -       0x00000480   Zero   RW          134    .bss                uartstdio.o
    0x200004fc        -       0x00000208   Zero   RW          254    .bss                formpal.o
    0x20000704        -       0x00000060   Zero   RW         2287    .bss                c_w.l(libspace.o)
    0x20000764   0x00004d70   0x00000004   PAD
    0x20000768        -       0x00000000   Zero   RW            2    HEAP                startup_rvmdk.o
    0x20000768        -       0x00000400   Zero   RW            1    STACK               startup_rvmdk.o


==============================================================================

Image component sizes


      Code (inc. data)   RO Data    RW Data    ZI Data      Debug   Object Name

      6392        630         82         72        520      17393   formpal.o
       952        108          0          8         12      10286   rgb.o
       672        636          0          0       1024        548   startup_rvmdk.o
      1660        140         57         29       1152      10463   uartstdio.o

    ----------------------------------------------------------------------
      9680       1514        176        112       2708      38690   Object Totals
         0          0         32          0          0          0   (incl. Generated)
         4          0          5          3          0          0   (incl. Padding)

    ----------------------------------------------------------------------

      Code (inc. data)   RO Data    RW Data    ZI Data      Debug   Library Member Name

         8          0          0          0          0         68   __main.o
         0          0          0          0          0          0   __rtentry.o
        12          0          0          0          0          0   __rtentry2.o
         6          0          0          0          0          0   __rtentry4.o
        52          8          0          0          0          0   __scatter.o
        26          0          0          0          0          0   __scatter_copy.o
        28          0          0          0          0          0   __scatter_zi.o
        22          0          0          0          0        100   _rserrno.o
        18          0          0          0          0         80   exit.o
         6          0          0          0          0        152   heapauxi.o
         0          0          0          0          0          0   indicate_semi.o
         2          0          0          0          0          0   libinit.o
         6          0          0          0          0          0   libinit2.o
         2          0          0          0          0          0   libshutdown.o
         2          0          0          0          0          0   libshutdown2.o
         8          4          0          0         96         68   libspace.o
         8          4          0          0          0         68   rt_errno_addr_intlibspace.o
         2          0          0          0          0          0   rtexit.o
        10          0          0          0          0          0   rtexit2.o
        12          4          0          0          0         68   sys_exit.o
        74          0          0          0          0         80   sys_stackheap_outer.o
         2          0          0          0          0         68   use_no_semi.o
       412          0          0          0          0       7299   gpio.o
       120         12          0          0          0       4443   i2c.o
       308         28        268          0          0       3205   interrupt.o
       346         36        596          0          0       3033   sysctl.o
         6          0          0          0          0        497   uart.o
        98          4          0          0          0        140   d2f.o
       826         16          0          0          0        492   daddsub_clz.o
       340         12          0          0          0        152   dmul.o
       156          4          0          0          0        140   dnaninf.o
        12          0          0          0          0        116   dretinf.o
        86          4          0          0          0        132   f2d.o
        92          4          0          0          0        132   ffixull.o
       140          4          0          0          0        132   fnaninf.o
        10          0          0          0          0        116   fpinit.o
        10          0          0          0          0        116   fretinf.o
         0          0          0          0          0          0   usenofp.o
       300         42          0          0          0        176   asinf.o
       592         90          0          0          0        184   atan2f.o
        20          0          0          0          0        124   fabs.o
        38          0          0          0          0        116   fpclassifyf.o
        44         12          0          0          0        464   funder.o
       120          0          0          0          0        272   sqrtf.o
      1812         30          0          0          0      12013   comp_dcm.o
      1200         16          0          0          0      10023   i2cm_drv.o
      1324         54         32          0          0      11699   mpu9150.o
       212          0          0          0          0       2110   vector.o

    ----------------------------------------------------------------------
      8960        392        896          0        100      58078   Library Totals
        30          4          0          0          4          0   (incl. Padding)

    ----------------------------------------------------------------------

      Code (inc. data)   RO Data    RW Data    ZI Data      Debug   Library Name

       306         20          0          0         96        752   c_w.l
      1192         76        864          0          0      18477   driverlib.lib
      1770         48          0          0          0       1668   fz_wm.l
      1114        144          0          0          0       1336   m_wm.l
      4548        100         32          0          0      35845   sensorlib.lib

    ----------------------------------------------------------------------
      8960        392        896          0        100      58078   Library Totals

    ----------------------------------------------------------------------

==============================================================================


      Code (inc. data)   RO Data    RW Data    ZI Data      Debug   

     18640       1906       1072        112       2808      88408   Grand Totals
     18640       1906       1072        112       2808      88408   ELF Image Totals
     18640       1906       1072        112          0          0   ROM Totals

==============================================================================

    Total RO  Size (Code + RO Data)                19712 (  19.25kB)
    Total RW  Size (RW Data + ZI Data)              2920 (   2.85kB)
    Total ROM Size (Code + RO Data + RW Data)      19824 (  19.36kB)

==============================================================================

